Command line invocation:
    /Applications/Xcode_16.4.app/Contents/Developer/usr/bin/xcodebuild -project TrollLifeApp.xcodeproj -scheme TrollLifeApp -configuration Release -destination generic/platform=iOS -derivedDataPath build -sdk iphoneos CODE_SIGN_IDENTITY= CODE_SIGNING_REQUIRED=NO CODE_SIGNING_ALLOWED=NO build

Build settings from command line:
    CODE_SIGN_IDENTITY = 
    CODE_SIGNING_ALLOWED = NO
    CODE_SIGNING_REQUIRED = NO
    SDKROOT = iphoneos18.5

note: Using codesigning identity override: 
ComputePackagePrebuildTargetDependencyGraph

Prepare packages

CreateBuildRequest

SendProjectDescription

CreateBuildOperation

ComputeTargetDependencyGraph
note: Building targets in dependency order
note: Target dependency graph (1 target)
    Target 'TrollLifeApp' in project 'TrollLifeApp' (no dependencies)

GatherProvisioningInputs

CreateBuildDescription

ExecuteExternalTool /Applications/Xcode_16.4.app/Contents/Developer/Toolchains/XcodeDefault.xctoolchain/usr/bin/clang -v -E -dM -arch arm64 -isysroot /Applications/Xcode_16.4.app/Contents/Developer/Platforms/iPhoneOS.platform/Developer/SDKs/iPhoneOS18.5.sdk -x objective-c -c /dev/null

ExecuteExternalTool /Applications/Xcode_16.4.app/Contents/Developer/Toolchains/XcodeDefault.xctoolchain/usr/bin/clang -v -E -dM -isysroot /Applications/Xcode_16.4.app/Contents/Developer/Platforms/iPhoneOS.platform/Developer/SDKs/iPhoneOS18.5.sdk -x c -c /dev/null

ExecuteExternalTool /Applications/Xcode_16.4.app/Contents/Developer/Toolchains/XcodeDefault.xctoolchain/usr/bin/ld -version_details

ExecuteExternalTool /Applications/Xcode_16.4.app/Contents/Developer/Toolchains/XcodeDefault.xctoolchain/usr/bin/clang -v -E -dM -arch arm64 -isysroot /Applications/Xcode_16.4.app/Contents/Developer/Platforms/iPhoneOS.platform/Developer/SDKs/iPhoneOS18.5.sdk -x c -c /dev/null

Build description signature: 94bde3d687b615bf54f3a0e0d2db50e8
Build description path: /Users/runner/work/TrollLifeAI/TrollLifeAI/ios-shell/TrollLifeApp/build/Build/Intermediates.noindex/XCBuildData/94bde3d687b615bf54f3a0e0d2db50e8.xcbuilddata
CreateBuildDirectory /Users/runner/work/TrollLifeAI/TrollLifeAI/ios-shell/TrollLifeApp/build/Build/Products
    cd /Users/runner/work/TrollLifeAI/TrollLifeAI/ios-shell/TrollLifeApp/TrollLifeApp.xcodeproj
    builtin-create-build-directory /Users/runner/work/TrollLifeAI/TrollLifeAI/ios-shell/TrollLifeApp/build/Build/Products

CreateBuildDirectory /Users/runner/work/TrollLifeAI/TrollLifeAI/ios-shell/TrollLifeApp/build/Build/Intermediates.noindex
    cd /Users/runner/work/TrollLifeAI/TrollLifeAI/ios-shell/TrollLifeApp/TrollLifeApp.xcodeproj
    builtin-create-build-directory /Users/runner/work/TrollLifeAI/TrollLifeAI/ios-shell/TrollLifeApp/build/Build/Intermediates.noindex

ClangStatCache /Applications/Xcode_16.4.app/Contents/Developer/Toolchains/XcodeDefault.xctoolchain/usr/bin/clang-stat-cache /Applications/Xcode_16.4.app/Contents/Developer/Platforms/iPhoneOS.platform/Developer/SDKs/iPhoneOS18.5.sdk /Users/runner/work/TrollLifeAI/TrollLifeAI/ios-shell/TrollLifeApp/build/SDKStatCaches.noindex/iphoneos18.5-22F76-a529daf784b3616c7c04a36aeb7f5c05.sdkstatcache
    cd /Users/runner/work/TrollLifeAI/TrollLifeAI/ios-shell/TrollLifeApp/TrollLifeApp.xcodeproj
    /Applications/Xcode_16.4.app/Contents/Developer/Toolchains/XcodeDefault.xctoolchain/usr/bin/clang-stat-cache /Applications/Xcode_16.4.app/Contents/Developer/Platforms/iPhoneOS.platform/Developer/SDKs/iPhoneOS18.5.sdk -o /Users/runner/work/TrollLifeAI/TrollLifeAI/ios-shell/TrollLifeApp/build/SDKStatCaches.noindex/iphoneos18.5-22F76-a529daf784b3616c7c04a36aeb7f5c05.sdkstatcache

WriteAuxiliaryFile /Users/runner/work/TrollLifeAI/TrollLifeAI/ios-shell/TrollLifeApp/build/Build/Intermediates.noindex/TrollLifeApp.build/Release-iphoneos/TrollLifeApp-b8536c46f245b827ff84d263926cb5da-VFS-iphoneos/all-product-headers.yaml
    cd /Users/runner/work/TrollLifeAI/TrollLifeAI/ios-shell/TrollLifeApp/TrollLifeApp.xcodeproj
    write-file /Users/runner/work/TrollLifeAI/TrollLifeAI/ios-shell/TrollLifeApp/build/Build/Intermediates.noindex/TrollLifeApp.build/Release-iphoneos/TrollLifeApp-b8536c46f245b827ff84d263926cb5da-VFS-iphoneos/all-product-headers.yaml

CreateBuildDirectory /Users/runner/work/TrollLifeAI/TrollLifeAI/ios-shell/TrollLifeApp/build/Build/Products/Release-iphoneos
    cd /Users/runner/work/TrollLifeAI/TrollLifeAI/ios-shell/TrollLifeApp/TrollLifeApp.xcodeproj
    builtin-create-build-directory /Users/runner/work/TrollLifeAI/TrollLifeAI/ios-shell/TrollLifeApp/build/Build/Products/Release-iphoneos

CreateBuildDirectory /Users/runner/work/TrollLifeAI/TrollLifeAI/ios-shell/TrollLifeApp/build/Build/Intermediates.noindex/EagerLinkingTBDs/Release-iphoneos
    cd /Users/runner/work/TrollLifeAI/TrollLifeAI/ios-shell/TrollLifeApp/TrollLifeApp.xcodeproj
    builtin-create-build-directory /Users/runner/work/TrollLifeAI/TrollLifeAI/ios-shell/TrollLifeApp/build/Build/Intermediates.noindex/EagerLinkingTBDs/Release-iphoneos

WriteAuxiliaryFile /Users/runner/work/TrollLifeAI/TrollLifeAI/ios-shell/TrollLifeApp/build/Build/Intermediates.noindex/TrollLifeApp.build/Release-iphoneos/TrollLifeApp.build/TrollLifeApp.hmap (in target 'TrollLifeApp' from project 'TrollLifeApp')
    cd /Users/runner/work/TrollLifeAI/TrollLifeAI/ios-shell/TrollLifeApp
    write-file /Users/runner/work/TrollLifeAI/TrollLifeAI/ios-shell/TrollLifeApp/build/Build/Intermediates.noindex/TrollLifeApp.build/Release-iphoneos/TrollLifeApp.build/TrollLifeApp.hmap

WriteAuxiliaryFile /Users/runner/work/TrollLifeAI/TrollLifeAI/ios-shell/TrollLifeApp/build/Build/Intermediates.noindex/TrollLifeApp.build/Release-iphoneos/TrollLifeApp.build/TrollLifeApp.DependencyStaticMetadataFileList (in target 'TrollLifeApp' from project 'TrollLifeApp')
    cd /Users/runner/work/TrollLifeAI/TrollLifeAI/ios-shell/TrollLifeApp
    write-file /Users/runner/work/TrollLifeAI/TrollLifeAI/ios-shell/TrollLifeApp/build/Build/Intermediates.noindex/TrollLifeApp.build/Release-iphoneos/TrollLifeApp.build/TrollLifeApp.DependencyStaticMetadataFileList

WriteAuxiliaryFile /Users/runner/work/TrollLifeAI/TrollLifeAI/ios-shell/TrollLifeApp/build/Build/Intermediates.noindex/TrollLifeApp.build/Release-iphoneos/TrollLifeApp.build/TrollLifeApp.DependencyMetadataFileList (in target 'TrollLifeApp' from project 'TrollLifeApp')
    cd /Users/runner/work/TrollLifeAI/TrollLifeAI/ios-shell/TrollLifeApp
    write-file /Users/runner/work/TrollLifeAI/TrollLifeAI/ios-shell/TrollLifeApp/build/Build/Intermediates.noindex/TrollLifeApp.build/Release-iphoneos/TrollLifeApp.build/TrollLifeApp.DependencyMetadataFileList

WriteAuxiliaryFile /Users/runner/work/TrollLifeAI/TrollLifeAI/ios-shell/TrollLifeApp/build/Build/Intermediates.noindex/TrollLifeApp.build/Release-iphoneos/TrollLifeApp.build/TrollLifeApp-project-headers.hmap (in target 'TrollLifeApp' from project 'TrollLifeApp')
    cd /Users/runner/work/TrollLifeAI/TrollLifeAI/ios-shell/TrollLifeApp
    write-file /Users/runner/work/TrollLifeAI/TrollLifeAI/ios-shell/TrollLifeApp/build/Build/Intermediates.noindex/TrollLifeApp.build/Release-iphoneos/TrollLifeApp.build/TrollLifeApp-project-headers.hmap

WriteAuxiliaryFile /Users/runner/work/TrollLifeAI/TrollLifeAI/ios-shell/TrollLifeApp/build/Build/Intermediates.noindex/TrollLifeApp.build/Release-iphoneos/TrollLifeApp.build/TrollLifeApp-own-target-headers.hmap (in target 'TrollLifeApp' from project 'TrollLifeApp')
    cd /Users/runner/work/TrollLifeAI/TrollLifeAI/ios-shell/TrollLifeApp
    write-file /Users/runner/work/TrollLifeAI/TrollLifeAI/ios-shell/TrollLifeApp/build/Build/Intermediates.noindex/TrollLifeApp.build/Release-iphoneos/TrollLifeApp.build/TrollLifeApp-own-target-headers.hmap

WriteAuxiliaryFile /Users/runner/work/TrollLifeAI/TrollLifeAI/ios-shell/TrollLifeApp/build/Build/Intermediates.noindex/TrollLifeApp.build/Release-iphoneos/TrollLifeApp.build/TrollLifeApp-generated-files.hmap (in target 'TrollLifeApp' from project 'TrollLifeApp')
    cd /Users/runner/work/TrollLifeAI/TrollLifeAI/ios-shell/TrollLifeApp
    write-file /Users/runner/work/TrollLifeAI/TrollLifeAI/ios-shell/TrollLifeApp/build/Build/Intermediates.noindex/TrollLifeApp.build/Release-iphoneos/TrollLifeApp.build/TrollLifeApp-generated-files.hmap

WriteAuxiliaryFile /Users/runner/work/TrollLifeAI/TrollLifeAI/ios-shell/TrollLifeApp/build/Build/Intermediates.noindex/TrollLifeApp.build/Release-iphoneos/TrollLifeApp.build/TrollLifeApp-all-target-headers.hmap (in target 'TrollLifeApp' from project 'TrollLifeApp')
    cd /Users/runner/work/TrollLifeAI/TrollLifeAI/ios-shell/TrollLifeApp
    write-file /Users/runner/work/TrollLifeAI/TrollLifeAI/ios-shell/TrollLifeApp/build/Build/Intermediates.noindex/TrollLifeApp.build/Release-iphoneos/TrollLifeApp.build/TrollLifeApp-all-target-headers.hmap

WriteAuxiliaryFile /Users/runner/work/TrollLifeAI/TrollLifeAI/ios-shell/TrollLifeApp/build/Build/Intermediates.noindex/TrollLifeApp.build/Release-iphoneos/TrollLifeApp.build/TrollLifeApp-all-non-framework-target-headers.hmap (in target 'TrollLifeApp' from project 'TrollLifeApp')
    cd /Users/runner/work/TrollLifeAI/TrollLifeAI/ios-shell/TrollLifeApp
    write-file /Users/runner/work/TrollLifeAI/TrollLifeAI/ios-shell/TrollLifeApp/build/Build/Intermediates.noindex/TrollLifeApp.build/Release-iphoneos/TrollLifeApp.build/TrollLifeApp-all-non-framework-target-headers.hmap

WriteAuxiliaryFile /Users/runner/work/TrollLifeAI/TrollLifeAI/ios-shell/TrollLifeApp/build/Build/Intermediates.noindex/TrollLifeApp.build/Release-iphoneos/TrollLifeApp.build/Objects-normal/arm64/e6072d4f65d7061329687fe24e3d63a7-common-args.resp (in target 'TrollLifeApp' from project 'TrollLifeApp')
    cd /Users/runner/work/TrollLifeAI/TrollLifeAI/ios-shell/TrollLifeApp
    write-file /Users/runner/work/TrollLifeAI/TrollLifeAI/ios-shell/TrollLifeApp/build/Build/Intermediates.noindex/TrollLifeApp.build/Release-iphoneos/TrollLifeApp.build/Objects-normal/arm64/e6072d4f65d7061329687fe24e3d63a7-common-args.resp
-target arm64-apple-ios12.0 '-std=gnu11' -fobjc-arc -fobjc-weak -fmodules -gmodules '-fmodules-cache-path=/Users/runner/work/TrollLifeAI/TrollLifeAI/ios-shell/TrollLifeApp/build/ModuleCache.noindex' -fpascal-strings -Os -fno-common '-DNS_BLOCK_ASSERTIONS=1' '-DOBJC_OLD_DISPATCH_PROTOTYPES=0' -isysroot /Applications/Xcode_16.4.app/Contents/Developer/Platforms/iPhoneOS.platform/Developer/SDKs/iPhoneOS18.5.sdk -g '-fvisibility=hidden' -iquote /Users/runner/work/TrollLifeAI/TrollLifeAI/ios-shell/TrollLifeApp/build/Build/Intermediates.noindex/TrollLifeApp.build/Release-iphoneos/TrollLifeApp.build/TrollLifeApp-generated-files.hmap -I/Users/runner/work/TrollLifeAI/TrollLifeAI/ios-shell/TrollLifeApp/build/Build/Intermediates.noindex/TrollLifeApp.build/Release-iphoneos/TrollLifeApp.build/TrollLifeApp-own-target-headers.hmap -I/Users/runner/work/TrollLifeAI/TrollLifeAI/ios-shell/TrollLifeApp/build/Build/Intermediates.noindex/TrollLifeApp.build/Release-iphoneos/TrollLifeApp.build/TrollLifeApp-all-target-headers.hmap -iquote /Users/runner/work/TrollLifeAI/TrollLifeAI/ios-shell/TrollLifeApp/build/Build/Intermediates.noindex/TrollLifeApp.build/Release-iphoneos/TrollLifeApp.build/TrollLifeApp-project-headers.hmap -I/Users/runner/work/TrollLifeAI/TrollLifeAI/ios-shell/TrollLifeApp/build/Build/Products/Release-iphoneos/include -I/Users/runner/work/TrollLifeAI/TrollLifeAI/ios-shell/TrollLifeApp/build/Build/Intermediates.noindex/TrollLifeApp.build/Release-iphoneos/TrollLifeApp.build/DerivedSources-normal/arm64 -I/Users/runner/work/TrollLifeAI/TrollLifeAI/ios-shell/TrollLifeApp/build/Build/Intermediates.noindex/TrollLifeApp.build/Release-iphoneos/TrollLifeApp.build/DerivedSources/arm64 -I/Users/runner/work/TrollLifeAI/TrollLifeAI/ios-shell/TrollLifeApp/build/Build/Intermediates.noindex/TrollLifeApp.build/Release-iphoneos/TrollLifeApp.build/DerivedSources -F/Users/runner/work/TrollLifeAI/TrollLifeAI/ios-shell/TrollLifeApp/build/Build/Products/Release-iphoneos

WriteAuxiliaryFile /Users/runner/work/TrollLifeAI/TrollLifeAI/ios-shell/TrollLifeApp/build/Build/Intermediates.noindex/TrollLifeApp.build/Release-iphoneos/TrollLifeApp.build/Objects-normal/arm64/TrollLifeApp.LinkFileList (in target 'TrollLifeApp' from project 'TrollLifeApp')
    cd /Users/runner/work/TrollLifeAI/TrollLifeAI/ios-shell/TrollLifeApp
    write-file /Users/runner/work/TrollLifeAI/TrollLifeAI/ios-shell/TrollLifeApp/build/Build/Intermediates.noindex/TrollLifeApp.build/Release-iphoneos/TrollLifeApp.build/Objects-normal/arm64/TrollLifeApp.LinkFileList

MkDir /Users/runner/work/TrollLifeAI/TrollLifeAI/ios-shell/TrollLifeApp/build/Build/Products/Release-iphoneos/TrollLifeApp.app (in target 'TrollLifeApp' from project 'TrollLifeApp')
    cd /Users/runner/work/TrollLifeAI/TrollLifeAI/ios-shell/TrollLifeApp
    /bin/mkdir -p /Users/runner/work/TrollLifeAI/TrollLifeAI/ios-shell/TrollLifeApp/build/Build/Products/Release-iphoneos/TrollLifeApp.app

CpResource /Users/runner/work/TrollLifeAI/TrollLifeAI/ios-shell/TrollLifeApp/build/Build/Products/Release-iphoneos/TrollLifeApp.app/index.html /Users/runner/work/TrollLifeAI/TrollLifeAI/ios-shell/TrollLifeApp/Resources/index.html (in target 'TrollLifeApp' from project 'TrollLifeApp')
    cd /Users/runner/work/TrollLifeAI/TrollLifeAI/ios-shell/TrollLifeApp
    builtin-copy -exclude .DS_Store -exclude CVS -exclude .svn -exclude .git -exclude .hg -resolve-src-symlinks /Users/runner/work/TrollLifeAI/TrollLifeAI/ios-shell/TrollLifeApp/Resources/index.html /Users/runner/work/TrollLifeAI/TrollLifeAI/ios-shell/TrollLifeApp/build/Build/Products/Release-iphoneos/TrollLifeApp.app

ProcessInfoPlistFile /Users/runner/work/TrollLifeAI/TrollLifeAI/ios-shell/TrollLifeApp/build/Build/Products/Release-iphoneos/TrollLifeApp.app/Info.plist /Users/runner/work/TrollLifeAI/TrollLifeAI/ios-shell/TrollLifeApp/Info.plist (in target 'TrollLifeApp' from project 'TrollLifeApp')
    cd /Users/runner/work/TrollLifeAI/TrollLifeAI/ios-shell/TrollLifeApp
    builtin-infoPlistUtility /Users/runner/work/TrollLifeAI/TrollLifeAI/ios-shell/TrollLifeApp/Info.plist -producttype com.apple.product-type.application -genpkginfo /Users/runner/work/TrollLifeAI/TrollLifeAI/ios-shell/TrollLifeApp/build/Build/Products/Release-iphoneos/TrollLifeApp.app/PkgInfo -expandbuildsettings -format binary -platform iphoneos -requiredArchitecture arm64 -o /Users/runner/work/TrollLifeAI/TrollLifeAI/ios-shell/TrollLifeApp/build/Build/Products/Release-iphoneos/TrollLifeApp.app/Info.plist
warning: User supplied UIDeviceFamily key in the Info.plist will be overwritten. Please use the build setting TARGETED_DEVICE_FAMILY and remove UIDeviceFamily from your Info.plist. (in target 'TrollLifeApp' from project 'TrollLifeApp')

CopyPNGFile /Users/runner/work/TrollLifeAI/TrollLifeAI/ios-shell/TrollLifeApp/build/Build/Products/Release-iphoneos/TrollLifeApp.app/AppIcon60x60@3x.png /Users/runner/work/TrollLifeAI/TrollLifeAI/ios-shell/TrollLifeApp/Resources/AppIcon60x60@3x.png (in target 'TrollLifeApp' from project 'TrollLifeApp')
    cd /Users/runner/work/TrollLifeAI/TrollLifeAI/ios-shell/TrollLifeApp
    /Applications/Xcode_16.4.app/Contents/Developer/usr/bin/copypng -compress -strip-PNG-text /Users/runner/work/TrollLifeAI/TrollLifeAI/ios-shell/TrollLifeApp/Resources/AppIcon60x60@3x.png /Users/runner/work/TrollLifeAI/TrollLifeAI/ios-shell/TrollLifeApp/build/Build/Products/Release-iphoneos/TrollLifeApp.app/AppIcon60x60@3x.png

CopyPNGFile /Users/runner/work/TrollLifeAI/TrollLifeAI/ios-shell/TrollLifeApp/build/Build/Products/Release-iphoneos/TrollLifeApp.app/AppIcon60x60@2x.png /Users/runner/work/TrollLifeAI/TrollLifeAI/ios-shell/TrollLifeApp/Resources/AppIcon60x60@2x.png (in target 'TrollLifeApp' from project 'TrollLifeApp')
    cd /Users/runner/work/TrollLifeAI/TrollLifeAI/ios-shell/TrollLifeApp
    /Applications/Xcode_16.4.app/Contents/Developer/usr/bin/copypng -compress -strip-PNG-text /Users/runner/work/TrollLifeAI/TrollLifeAI/ios-shell/TrollLifeApp/Resources/AppIcon60x60@2x.png /Users/runner/work/TrollLifeAI/TrollLifeAI/ios-shell/TrollLifeApp/build/Build/Products/Release-iphoneos/TrollLifeApp.app/AppIcon60x60@2x.png

ScanDependencies /Users/runner/work/TrollLifeAI/TrollLifeAI/ios-shell/TrollLifeApp/build/Build/Intermediates.noindex/TrollLifeApp.build/Release-iphoneos/TrollLifeApp.build/Objects-normal/arm64/main.o /Users/runner/work/TrollLifeAI/TrollLifeAI/ios-shell/TrollLifeApp/main.m normal arm64 objective-c com.apple.compilers.llvm.clang.1_0.compiler (in target 'TrollLifeApp' from project 'TrollLifeApp')
    cd /Users/runner/work/TrollLifeAI/TrollLifeAI/ios-shell/TrollLifeApp
    
    Using response file: /Users/runner/work/TrollLifeAI/TrollLifeAI/ios-shell/TrollLifeApp/build/Build/Intermediates.noindex/TrollLifeApp.build/Release-iphoneos/TrollLifeApp.build/Objects-normal/arm64/e6072d4f65d7061329687fe24e3d63a7-common-args.resp
    
    builtin-ScanDependencies -o /Users/runner/work/TrollLifeAI/TrollLifeAI/ios-shell/TrollLifeApp/build/Build/Intermediates.noindex/TrollLifeApp.build/Release-iphoneos/TrollLifeApp.build/Objects-normal/arm64/main.o.scan -- /Applications/Xcode_16.4.app/Contents/Developer/Toolchains/XcodeDefault.xctoolchain/usr/bin/clang -x objective-c -ivfsstatcache /Users/runner/work/TrollLifeAI/TrollLifeAI/ios-shell/TrollLifeApp/build/SDKStatCaches.noindex/iphoneos18.5-22F76-a529daf784b3616c7c04a36aeb7f5c05.sdkstatcache -fmessage-length\=0 -fdiagnostics-show-note-include-stack -fmacro-backtrace-limit\=0 -fno-color-diagnostics -fmodules-prune-interval\=86400 -fmodules-prune-after\=345600 -fbuild-session-file\=/Users/runner/work/TrollLifeAI/TrollLifeAI/ios-shell/TrollLifeApp/build/ModuleCache.noindex/Session.modulevalidation -fmodules-validate-once-per-build-session -Wnon-modular-include-in-framework-module -Werror\=non-modular-include-in-framework-module -Wno-trigraphs -Wno-missing-field-initializers -Wno-missing-prototypes -Werror\=return-type -Wdocumentation -Wunreachable-code -Wquoted-include-in-framework-header -Wno-implicit-atomic-properties -Werror\=deprecated-objc-isa-usage -Wno-objc-interface-ivars -Werror\=objc-root-class -Wno-arc-repeated-use-of-weak -Wimplicit-retain-self -Wduplicate-method-match -Wno-missing-braces -Wparentheses -Wswitch -Wunused-function -Wno-unused-label -Wno-unused-parameter -Wunused-variable -Wunused-value -Wempty-body -Wuninitialized -Wconditional-uninitialized -Wno-unknown-pragmas -Wno-shadow -Wno-four-char-constants -Wno-conversion -Wconstant-conversion -Wint-conversion -Wbool-conversion -Wenum-conversion -Wno-float-conversion -Wnon-literal-null-conversion -Wobjc-literal-conversion -Wshorten-64-to-32 -Wpointer-sign -Wno-newline-eof -Wno-selector -Wno-strict-selector-match -Wundeclared-selector -Wdeprecated-implementations -Wno-implicit-fallthrough -fstrict-aliasing -Wprotocol -Wdeprecated-declarations -Wno-sign-conversion -Winfinite-recursion -Wcomma -Wblock-capture-autoreleasing -Wstrict-prototypes -Wno-semicolon-before-method-body -Wunguarded-availability @/Users/runner/work/TrollLifeAI/TrollLifeAI/ios-shell/TrollLifeApp/build/Build/Intermediates.noindex/TrollLifeApp.build/Release-iphoneos/TrollLifeApp.build/Objects-normal/arm64/e6072d4f65d7061329687fe24e3d63a7-common-args.resp -MMD -MT dependencies -MF /Users/runner/work/TrollLifeAI/TrollLifeAI/ios-shell/TrollLifeApp/build/Build/Intermediates.noindex/TrollLifeApp.build/Release-iphoneos/TrollLifeApp.build/Objects-normal/arm64/main.d --serialize-diagnostics /Users/runner/work/TrollLifeAI/TrollLifeAI/ios-shell/TrollLifeApp/build/Build/Intermediates.noindex/TrollLifeApp.build/Release-iphoneos/TrollLifeApp.build/Objects-normal/arm64/main.dia -c /Users/runner/work/TrollLifeAI/TrollLifeAI/ios-shell/TrollLifeApp/main.m -o /Users/runner/work/TrollLifeAI/TrollLifeAI/ios-shell/TrollLifeApp/build/Build/Intermediates.noindex/TrollLifeApp.build/Release-iphoneos/TrollLifeApp.build/Objects-normal/arm64/main.o

ScanDependencies /Users/runner/work/TrollLifeAI/TrollLifeAI/ios-shell/TrollLifeApp/build/Build/Intermediates.noindex/TrollLifeApp.build/Release-iphoneos/TrollLifeApp.build/Objects-normal/arm64/ViewController.o /Users/runner/work/TrollLifeAI/TrollLifeAI/ios-shell/TrollLifeApp/ViewController.m normal arm64 objective-c com.apple.compilers.llvm.clang.1_0.compiler (in target 'TrollLifeApp' from project 'TrollLifeApp')
    cd /Users/runner/work/TrollLifeAI/TrollLifeAI/ios-shell/TrollLifeApp
    
    Using response file: /Users/runner/work/TrollLifeAI/TrollLifeAI/ios-shell/TrollLifeApp/build/Build/Intermediates.noindex/TrollLifeApp.build/Release-iphoneos/TrollLifeApp.build/Objects-normal/arm64/e6072d4f65d7061329687fe24e3d63a7-common-args.resp
    
    builtin-ScanDependencies -o /Users/runner/work/TrollLifeAI/TrollLifeAI/ios-shell/TrollLifeApp/build/Build/Intermediates.noindex/TrollLifeApp.build/Release-iphoneos/TrollLifeApp.build/Objects-normal/arm64/ViewController.o.scan -- /Applications/Xcode_16.4.app/Contents/Developer/Toolchains/XcodeDefault.xctoolchain/usr/bin/clang -x objective-c -ivfsstatcache /Users/runner/work/TrollLifeAI/TrollLifeAI/ios-shell/TrollLifeApp/build/SDKStatCaches.noindex/iphoneos18.5-22F76-a529daf784b3616c7c04a36aeb7f5c05.sdkstatcache -fmessage-length\=0 -fdiagnostics-show-note-include-stack -fmacro-backtrace-limit\=0 -fno-color-diagnostics -fmodules-prune-interval\=86400 -fmodules-prune-after\=345600 -fbuild-session-file\=/Users/runner/work/TrollLifeAI/TrollLifeAI/ios-shell/TrollLifeApp/build/ModuleCache.noindex/Session.modulevalidation -fmodules-validate-once-per-build-session -Wnon-modular-include-in-framework-module -Werror\=non-modular-include-in-framework-module -Wno-trigraphs -Wno-missing-field-initializers -Wno-missing-prototypes -Werror\=return-type -Wdocumentation -Wunreachable-code -Wquoted-include-in-framework-header -Wno-implicit-atomic-properties -Werror\=deprecated-objc-isa-usage -Wno-objc-interface-ivars -Werror\=objc-root-class -Wno-arc-repeated-use-of-weak -Wimplicit-retain-self -Wduplicate-method-match -Wno-missing-braces -Wparentheses -Wswitch -Wunused-function -Wno-unused-label -Wno-unused-parameter -Wunused-variable -Wunused-value -Wempty-body -Wuninitialized -Wconditional-uninitialized -Wno-unknown-pragmas -Wno-shadow -Wno-four-char-constants -Wno-conversion -Wconstant-conversion -Wint-conversion -Wbool-conversion -Wenum-conversion -Wno-float-conversion -Wnon-literal-null-conversion -Wobjc-literal-conversion -Wshorten-64-to-32 -Wpointer-sign -Wno-newline-eof -Wno-selector -Wno-strict-selector-match -Wundeclared-selector -Wdeprecated-implementations -Wno-implicit-fallthrough -fstrict-aliasing -Wprotocol -Wdeprecated-declarations -Wno-sign-conversion -Winfinite-recursion -Wcomma -Wblock-capture-autoreleasing -Wstrict-prototypes -Wno-semicolon-before-method-body -Wunguarded-availability @/Users/runner/work/TrollLifeAI/TrollLifeAI/ios-shell/TrollLifeApp/build/Build/Intermediates.noindex/TrollLifeApp.build/Release-iphoneos/TrollLifeApp.build/Objects-normal/arm64/e6072d4f65d7061329687fe24e3d63a7-common-args.resp -MMD -MT dependencies -MF /Users/runner/work/TrollLifeAI/TrollLifeAI/ios-shell/TrollLifeApp/build/Build/Intermediates.noindex/TrollLifeApp.build/Release-iphoneos/TrollLifeApp.build/Objects-normal/arm64/ViewController.d --serialize-diagnostics /Users/runner/work/TrollLifeAI/TrollLifeAI/ios-shell/TrollLifeApp/build/Build/Intermediates.noindex/TrollLifeApp.build/Release-iphoneos/TrollLifeApp.build/Objects-normal/arm64/ViewController.dia -c /Users/runner/work/TrollLifeAI/TrollLifeAI/ios-shell/TrollLifeApp/ViewController.m -o /Users/runner/work/TrollLifeAI/TrollLifeAI/ios-shell/TrollLifeApp/build/Build/Intermediates.noindex/TrollLifeApp.build/Release-iphoneos/TrollLifeApp.build/Objects-normal/arm64/ViewController.o

ScanDependencies /Users/runner/work/TrollLifeAI/TrollLifeAI/ios-shell/TrollLifeApp/build/Build/Intermediates.noindex/TrollLifeApp.build/Release-iphoneos/TrollLifeApp.build/Objects-normal/arm64/TLDiagnostics.o /Users/runner/work/TrollLifeAI/TrollLifeAI/ios-shell/TrollLifeApp/TLDiagnostics.m normal arm64 objective-c com.apple.compilers.llvm.clang.1_0.compiler (in target 'TrollLifeApp' from project 'TrollLifeApp')
    cd /Users/runner/work/TrollLifeAI/TrollLifeAI/ios-shell/TrollLifeApp
    
    Using response file: /Users/runner/work/TrollLifeAI/TrollLifeAI/ios-shell/TrollLifeApp/build/Build/Intermediates.noindex/TrollLifeApp.build/Release-iphoneos/TrollLifeApp.build/Objects-normal/arm64/e6072d4f65d7061329687fe24e3d63a7-common-args.resp
    
    builtin-ScanDependencies -o /Users/runner/work/TrollLifeAI/TrollLifeAI/ios-shell/TrollLifeApp/build/Build/Intermediates.noindex/TrollLifeApp.build/Release-iphoneos/TrollLifeApp.build/Objects-normal/arm64/TLDiagnostics.o.scan -- /Applications/Xcode_16.4.app/Contents/Developer/Toolchains/XcodeDefault.xctoolchain/usr/bin/clang -x objective-c -ivfsstatcache /Users/runner/work/TrollLifeAI/TrollLifeAI/ios-shell/TrollLifeApp/build/SDKStatCaches.noindex/iphoneos18.5-22F76-a529daf784b3616c7c04a36aeb7f5c05.sdkstatcache -fmessage-length\=0 -fdiagnostics-show-note-include-stack -fmacro-backtrace-limit\=0 -fno-color-diagnostics -fmodules-prune-interval\=86400 -fmodules-prune-after\=345600 -fbuild-session-file\=/Users/runner/work/TrollLifeAI/TrollLifeAI/ios-shell/TrollLifeApp/build/ModuleCache.noindex/Session.modulevalidation -fmodules-validate-once-per-build-session -Wnon-modular-include-in-framework-module -Werror\=non-modular-include-in-framework-module -Wno-trigraphs -Wno-missing-field-initializers -Wno-missing-prototypes -Werror\=return-type -Wdocumentation -Wunreachable-code -Wquoted-include-in-framework-header -Wno-implicit-atomic-properties -Werror\=deprecated-objc-isa-usage -Wno-objc-interface-ivars -Werror\=objc-root-class -Wno-arc-repeated-use-of-weak -Wimplicit-retain-self -Wduplicate-method-match -Wno-missing-braces -Wparentheses -Wswitch -Wunused-function -Wno-unused-label -Wno-unused-parameter -Wunused-variable -Wunused-value -Wempty-body -Wuninitialized -Wconditional-uninitialized -Wno-unknown-pragmas -Wno-shadow -Wno-four-char-constants -Wno-conversion -Wconstant-conversion -Wint-conversion -Wbool-conversion -Wenum-conversion -Wno-float-conversion -Wnon-literal-null-conversion -Wobjc-literal-conversion -Wshorten-64-to-32 -Wpointer-sign -Wno-newline-eof -Wno-selector -Wno-strict-selector-match -Wundeclared-selector -Wdeprecated-implementations -Wno-implicit-fallthrough -fstrict-aliasing -Wprotocol -Wdeprecated-declarations -Wno-sign-conversion -Winfinite-recursion -Wcomma -Wblock-capture-autoreleasing -Wstrict-prototypes -Wno-semicolon-before-method-body -Wunguarded-availability @/Users/runner/work/TrollLifeAI/TrollLifeAI/ios-shell/TrollLifeApp/build/Build/Intermediates.noindex/TrollLifeApp.build/Release-iphoneos/TrollLifeApp.build/Objects-normal/arm64/e6072d4f65d7061329687fe24e3d63a7-common-args.resp -MMD -MT dependencies -MF /Users/runner/work/TrollLifeAI/TrollLifeAI/ios-shell/TrollLifeApp/build/Build/Intermediates.noindex/TrollLifeApp.build/Release-iphoneos/TrollLifeApp.build/Objects-normal/arm64/TLDiagnostics.d --serialize-diagnostics /Users/runner/work/TrollLifeAI/TrollLifeAI/ios-shell/TrollLifeApp/build/Build/Intermediates.noindex/TrollLifeApp.build/Release-iphoneos/TrollLifeApp.build/Objects-normal/arm64/TLDiagnostics.dia -c /Users/runner/work/TrollLifeAI/TrollLifeAI/ios-shell/TrollLifeApp/TLDiagnostics.m -o /Users/runner/work/TrollLifeAI/TrollLifeAI/ios-shell/TrollLifeApp/build/Build/Intermediates.noindex/TrollLifeApp.build/Release-iphoneos/TrollLifeApp.build/Objects-normal/arm64/TLDiagnostics.o

ScanDependencies /Users/runner/work/TrollLifeAI/TrollLifeAI/ios-shell/TrollLifeApp/build/Build/Intermediates.noindex/TrollLifeApp.build/Release-iphoneos/TrollLifeApp.build/Objects-normal/arm64/AppDelegate.o /Users/runner/work/TrollLifeAI/TrollLifeAI/ios-shell/TrollLifeApp/AppDelegate.m normal arm64 objective-c com.apple.compilers.llvm.clang.1_0.compiler (in target 'TrollLifeApp' from project 'TrollLifeApp')
    cd /Users/runner/work/TrollLifeAI/TrollLifeAI/ios-shell/TrollLifeApp
    
    Using response file: /Users/runner/work/TrollLifeAI/TrollLifeAI/ios-shell/TrollLifeApp/build/Build/Intermediates.noindex/TrollLifeApp.build/Release-iphoneos/TrollLifeApp.build/Objects-normal/arm64/e6072d4f65d7061329687fe24e3d63a7-common-args.resp
    
    builtin-ScanDependencies -o /Users/runner/work/TrollLifeAI/TrollLifeAI/ios-shell/TrollLifeApp/build/Build/Intermediates.noindex/TrollLifeApp.build/Release-iphoneos/TrollLifeApp.build/Objects-normal/arm64/AppDelegate.o.scan -- /Applications/Xcode_16.4.app/Contents/Developer/Toolchains/XcodeDefault.xctoolchain/usr/bin/clang -x objective-c -ivfsstatcache /Users/runner/work/TrollLifeAI/TrollLifeAI/ios-shell/TrollLifeApp/build/SDKStatCaches.noindex/iphoneos18.5-22F76-a529daf784b3616c7c04a36aeb7f5c05.sdkstatcache -fmessage-length\=0 -fdiagnostics-show-note-include-stack -fmacro-backtrace-limit\=0 -fno-color-diagnostics -fmodules-prune-interval\=86400 -fmodules-prune-after\=345600 -fbuild-session-file\=/Users/runner/work/TrollLifeAI/TrollLifeAI/ios-shell/TrollLifeApp/build/ModuleCache.noindex/Session.modulevalidation -fmodules-validate-once-per-build-session -Wnon-modular-include-in-framework-module -Werror\=non-modular-include-in-framework-module -Wno-trigraphs -Wno-missing-field-initializers -Wno-missing-prototypes -Werror\=return-type -Wdocumentation -Wunreachable-code -Wquoted-include-in-framework-header -Wno-implicit-atomic-properties -Werror\=deprecated-objc-isa-usage -Wno-objc-interface-ivars -Werror\=objc-root-class -Wno-arc-repeated-use-of-weak -Wimplicit-retain-self -Wduplicate-method-match -Wno-missing-braces -Wparentheses -Wswitch -Wunused-function -Wno-unused-label -Wno-unused-parameter -Wunused-variable -Wunused-value -Wempty-body -Wuninitialized -Wconditional-uninitialized -Wno-unknown-pragmas -Wno-shadow -Wno-four-char-constants -Wno-conversion -Wconstant-conversion -Wint-conversion -Wbool-conversion -Wenum-conversion -Wno-float-conversion -Wnon-literal-null-conversion -Wobjc-literal-conversion -Wshorten-64-to-32 -Wpointer-sign -Wno-newline-eof -Wno-selector -Wno-strict-selector-match -Wundeclared-selector -Wdeprecated-implementations -Wno-implicit-fallthrough -fstrict-aliasing -Wprotocol -Wdeprecated-declarations -Wno-sign-conversion -Winfinite-recursion -Wcomma -Wblock-capture-autoreleasing -Wstrict-prototypes -Wno-semicolon-before-method-body -Wunguarded-availability @/Users/runner/work/TrollLifeAI/TrollLifeAI/ios-shell/TrollLifeApp/build/Build/Intermediates.noindex/TrollLifeApp.build/Release-iphoneos/TrollLifeApp.build/Objects-normal/arm64/e6072d4f65d7061329687fe24e3d63a7-common-args.resp -MMD -MT dependencies -MF /Users/runner/work/TrollLifeAI/TrollLifeAI/ios-shell/TrollLifeApp/build/Build/Intermediates.noindex/TrollLifeApp.build/Release-iphoneos/TrollLifeApp.build/Objects-normal/arm64/AppDelegate.d --serialize-diagnostics /Users/runner/work/TrollLifeAI/TrollLifeAI/ios-shell/TrollLifeApp/build/Build/Intermediates.noindex/TrollLifeApp.build/Release-iphoneos/TrollLifeApp.build/Objects-normal/arm64/AppDelegate.dia -c /Users/runner/work/TrollLifeAI/TrollLifeAI/ios-shell/TrollLifeApp/AppDelegate.m -o /Users/runner/work/TrollLifeAI/TrollLifeAI/ios-shell/TrollLifeApp/build/Build/Intermediates.noindex/TrollLifeApp.build/Release-iphoneos/TrollLifeApp.build/Objects-normal/arm64/AppDelegate.o

PrecompileModule /Users/runner/work/TrollLifeAI/TrollLifeAI/ios-shell/TrollLifeApp/build/Build/Intermediates.noindex/ExplicitPrecompiledModules/ptrcheck-4WPUPXSXU4A574L9N6SGDAO88.scan
    cd /Users/runner/work/TrollLifeAI/TrollLifeAI/ios-shell/TrollLifeApp
    builtin-precompileModule /Users/runner/work/TrollLifeAI/TrollLifeAI/ios-shell/TrollLifeApp/build/Build/Intermediates.noindex/ExplicitPrecompiledModules/ptrcheck-4WPUPXSXU4A574L9N6SGDAO88.scan

PrecompileModule /Users/runner/work/TrollLifeAI/TrollLifeAI/ios-shell/TrollLifeApp/build/Build/Intermediates.noindex/ExplicitPrecompiledModules/_Builtin_iso646-DEPTK1N6HLP2V2XP3D3LNL69H.scan
    cd /Users/runner/work/TrollLifeAI/TrollLifeAI/ios-shell/TrollLifeApp
    builtin-precompileModule /Users/runner/work/TrollLifeAI/TrollLifeAI/ios-shell/TrollLifeApp/build/Build/Intermediates.noindex/ExplicitPrecompiledModules/_Builtin_iso646-DEPTK1N6HLP2V2XP3D3LNL69H.scan

PrecompileModule /Users/runner/work/TrollLifeAI/TrollLifeAI/ios-shell/TrollLifeApp/build/Build/Intermediates.noindex/ExplicitPrecompiledModules/_float-22TZOVLFNKC1RV5TDVR9VZVIW.scan
    cd /Users/runner/work/TrollLifeAI/TrollLifeAI/ios-shell/TrollLifeApp
    builtin-precompileModule /Users/runner/work/TrollLifeAI/TrollLifeAI/ios-shell/TrollLifeApp/build/Build/Intermediates.noindex/ExplicitPrecompiledModules/_float-22TZOVLFNKC1RV5TDVR9VZVIW.scan

PrecompileModule /Users/runner/work/TrollLifeAI/TrollLifeAI/ios-shell/TrollLifeApp/build/Build/Intermediates.noindex/ExplicitPrecompiledModules/_fenv-B8199ED7KU0L6Q6L73ZZE24AQ.scan
    cd /Users/runner/work/TrollLifeAI/TrollLifeAI/ios-shell/TrollLifeApp
    builtin-precompileModule /Users/runner/work/TrollLifeAI/TrollLifeAI/ios-shell/TrollLifeApp/build/Build/Intermediates.noindex/ExplicitPrecompiledModules/_fenv-B8199ED7KU0L6Q6L73ZZE24AQ.scan

PrecompileModule /Users/runner/work/TrollLifeAI/TrollLifeAI/ios-shell/TrollLifeApp/build/Build/Intermediates.noindex/ExplicitPrecompiledModules/_Builtin_stdarg-4W8KWS7CKB4NFRM15B2644HBJ.scan
    cd /Users/runner/work/TrollLifeAI/TrollLifeAI/ios-shell/TrollLifeApp
    builtin-precompileModule /Users/runner/work/TrollLifeAI/TrollLifeAI/ios-shell/TrollLifeApp/build/Build/Intermediates.noindex/ExplicitPrecompiledModules/_Builtin_stdarg-4W8KWS7CKB4NFRM15B2644HBJ.scan

PrecompileModule /Users/runner/work/TrollLifeAI/TrollLifeAI/ios-shell/TrollLifeApp/build/Build/Intermediates.noindex/ExplicitPrecompiledModules/os_availability_internal-23FPTPDO2ZOTBASEEZJCB0AEL.scan
    cd /Users/runner/work/TrollLifeAI/TrollLifeAI/ios-shell/TrollLifeApp
    builtin-precompileModule /Users/runner/work/TrollLifeAI/TrollLifeAI/ios-shell/TrollLifeApp/build/Build/Intermediates.noindex/ExplicitPrecompiledModules/os_availability_internal-23FPTPDO2ZOTBASEEZJCB0AEL.scan

PrecompileModule /Users/runner/work/TrollLifeAI/TrollLifeAI/ios-shell/TrollLifeApp/build/Build/Intermediates.noindex/ExplicitPrecompiledModules/TargetConditionals-ED4SDBB3AM1XUDSNDFYGD0JZS.scan
    cd /Users/runner/work/TrollLifeAI/TrollLifeAI/ios-shell/TrollLifeApp
    builtin-precompileModule /Users/runner/work/TrollLifeAI/TrollLifeAI/ios-shell/TrollLifeApp/build/Build/Intermediates.noindex/ExplicitPrecompiledModules/TargetConditionals-ED4SDBB3AM1XUDSNDFYGD0JZS.scan

PrecompileModule /Users/runner/work/TrollLifeAI/TrollLifeAI/ios-shell/TrollLifeApp/build/Build/Intermediates.noindex/ExplicitPrecompiledModules/_Builtin_float-1AUXXWW6JEDVLHLCZETPZJUU4.scan
    cd /Users/runner/work/TrollLifeAI/TrollLifeAI/ios-shell/TrollLifeApp
    builtin-precompileModule /Users/runner/work/TrollLifeAI/TrollLifeAI/ios-shell/TrollLifeApp/build/Build/Intermediates.noindex/ExplicitPrecompiledModules/_Builtin_float-1AUXXWW6JEDVLHLCZETPZJUU4.scan

PrecompileModule /Users/runner/work/TrollLifeAI/TrollLifeAI/ios-shell/TrollLifeApp/build/Build/Intermediates.noindex/ExplicitPrecompiledModules/os_availability-1J3HDRWLKNG3TPJEHWG7PXNG3.scan
    cd /Users/runner/work/TrollLifeAI/TrollLifeAI/ios-shell/TrollLifeApp
    builtin-precompileModule /Users/runner/work/TrollLifeAI/TrollLifeAI/ios-shell/TrollLifeApp/build/Build/Intermediates.noindex/ExplicitPrecompiledModules/os_availability-1J3HDRWLKNG3TPJEHWG7PXNG3.scan

PrecompileModule /Users/runner/work/TrollLifeAI/TrollLifeAI/ios-shell/TrollLifeApp/build/Build/Intermediates.noindex/ExplicitPrecompiledModules/_Builtin_stddef-D0TA7LXEOVV7YA6R7RF6NEGGR.scan
    cd /Users/runner/work/TrollLifeAI/TrollLifeAI/ios-shell/TrollLifeApp
    builtin-precompileModule /Users/runner/work/TrollLifeAI/TrollLifeAI/ios-shell/TrollLifeApp/build/Build/Intermediates.noindex/ExplicitPrecompiledModules/_Builtin_stddef-D0TA7LXEOVV7YA6R7RF6NEGGR.scan

PrecompileModule /Users/runner/work/TrollLifeAI/TrollLifeAI/ios-shell/TrollLifeApp/build/Build/Intermediates.noindex/ExplicitPrecompiledModules/ptrauth-BR41G8ZL1ZP0J3RLI6XFJDKHH.scan
    cd /Users/runner/work/TrollLifeAI/TrollLifeAI/ios-shell/TrollLifeApp
    builtin-precompileModule /Users/runner/work/TrollLifeAI/TrollLifeAI/ios-shell/TrollLifeApp/build/Build/Intermediates.noindex/ExplicitPrecompiledModules/ptrauth-BR41G8ZL1ZP0J3RLI6XFJDKHH.scan

PrecompileModule /Users/runner/work/TrollLifeAI/TrollLifeAI/ios-shell/TrollLifeApp/build/Build/Intermediates.noindex/ExplicitPrecompiledModules/_Builtin_stdbool-39W2KFL56KZQ3PAHINQ512OWO.scan
    cd /Users/runner/work/TrollLifeAI/TrollLifeAI/ios-shell/TrollLifeApp
    builtin-precompileModule /Users/runner/work/TrollLifeAI/TrollLifeAI/ios-shell/TrollLifeApp/build/Build/Intermediates.noindex/ExplicitPrecompiledModules/_Builtin_stdbool-39W2KFL56KZQ3PAHINQ512OWO.scan

PrecompileModule /Users/runner/work/TrollLifeAI/TrollLifeAI/ios-shell/TrollLifeApp/build/Build/Intermediates.noindex/ExplicitPrecompiledModules/AvailabilityMacros-DSR3238XRBDUND5A4ER35ETD5.scan
    cd /Users/runner/work/TrollLifeAI/TrollLifeAI/ios-shell/TrollLifeApp
    builtin-precompileModule /Users/runner/work/TrollLifeAI/TrollLifeAI/ios-shell/TrollLifeApp/build/Build/Intermediates.noindex/ExplicitPrecompiledModules/AvailabilityMacros-DSR3238XRBDUND5A4ER35ETD5.scan

PrecompileModule /Users/runner/work/TrollLifeAI/TrollLifeAI/ios-shell/TrollLifeApp/build/Build/Intermediates.noindex/ExplicitPrecompiledModules/DarwinFoundation-B0DOSCFYREZCH1IXHXLG1KR8D.scan
    cd /Users/runner/work/TrollLifeAI/TrollLifeAI/ios-shell/TrollLifeApp
    builtin-precompileModule /Users/runner/work/TrollLifeAI/TrollLifeAI/ios-shell/TrollLifeApp/build/Build/Intermediates.noindex/ExplicitPrecompiledModules/DarwinFoundation-B0DOSCFYREZCH1IXHXLG1KR8D.scan

PrecompileModule /Users/runner/work/TrollLifeAI/TrollLifeAI/ios-shell/TrollLifeApp/build/Build/Intermediates.noindex/ExplicitPrecompiledModules/_math-13KDWLMEBX1UFN7AUUPI9L7G1.scan
    cd /Users/runner/work/TrollLifeAI/TrollLifeAI/ios-shell/TrollLifeApp
    builtin-precompileModule /Users/runner/work/TrollLifeAI/TrollLifeAI/ios-shell/TrollLifeApp/build/Build/Intermediates.noindex/ExplicitPrecompiledModules/_math-13KDWLMEBX1UFN7AUUPI9L7G1.scan

PrecompileModule /Users/runner/work/TrollLifeAI/TrollLifeAI/ios-shell/TrollLifeApp/build/Build/Intermediates.noindex/ExplicitPrecompiledModules/alloca-1CPF54W8V1DIWHVS0YQGVF4GM.scan
    cd /Users/runner/work/TrollLifeAI/TrollLifeAI/ios-shell/TrollLifeApp
    builtin-precompileModule /Users/runner/work/TrollLifeAI/TrollLifeAI/ios-shell/TrollLifeApp/build/Build/Intermediates.noindex/ExplicitPrecompiledModules/alloca-1CPF54W8V1DIWHVS0YQGVF4GM.scan

PrecompileModule /Users/runner/work/TrollLifeAI/TrollLifeAI/ios-shell/TrollLifeApp/build/Build/Intermediates.noindex/ExplicitPrecompiledModules/_errno-90D0ON42UOS0W3MEK6T2NQ43M.scan
    cd /Users/runner/work/TrollLifeAI/TrollLifeAI/ios-shell/TrollLifeApp
    builtin-precompileModule /Users/runner/work/TrollLifeAI/TrollLifeAI/ios-shell/TrollLifeApp/build/Build/Intermediates.noindex/ExplicitPrecompiledModules/_errno-90D0ON42UOS0W3MEK6T2NQ43M.scan

PrecompileModule /Users/runner/work/TrollLifeAI/TrollLifeAI/ios-shell/TrollLifeApp/build/Build/Intermediates.noindex/ExplicitPrecompiledModules/_complex-96SSGS55A8LSI683H2U3XWMT4.scan
    cd /Users/runner/work/TrollLifeAI/TrollLifeAI/ios-shell/TrollLifeApp
    builtin-precompileModule /Users/runner/work/TrollLifeAI/TrollLifeAI/ios-shell/TrollLifeApp/build/Build/Intermediates.noindex/ExplicitPrecompiledModules/_complex-96SSGS55A8LSI683H2U3XWMT4.scan

PrecompileModule /Users/runner/work/TrollLifeAI/TrollLifeAI/ios-shell/TrollLifeApp/build/Build/Intermediates.noindex/ExplicitPrecompiledModules/netinet_in-58670PJHU8FY3TI2Q063BVFSZ.scan
    cd /Users/runner/work/TrollLifeAI/TrollLifeAI/ios-shell/TrollLifeApp
    builtin-precompileModule /Users/runner/work/TrollLifeAI/TrollLifeAI/ios-shell/TrollLifeApp/build/Build/Intermediates.noindex/ExplicitPrecompiledModules/netinet_in-58670PJHU8FY3TI2Q063BVFSZ.scan

PrecompileModule /Users/runner/work/TrollLifeAI/TrollLifeAI/ios-shell/TrollLifeApp/build/Build/Intermediates.noindex/ExplicitPrecompiledModules/sys_time-8Z5SJ774E7BJOJ9VIVNAM4YL4.scan
    cd /Users/runner/work/TrollLifeAI/TrollLifeAI/ios-shell/TrollLifeApp
    builtin-precompileModule /Users/runner/work/TrollLifeAI/TrollLifeAI/ios-shell/TrollLifeApp/build/Build/Intermediates.noindex/ExplicitPrecompiledModules/sys_time-8Z5SJ774E7BJOJ9VIVNAM4YL4.scan

PrecompileModule /Users/runner/work/TrollLifeAI/TrollLifeAI/ios-shell/TrollLifeApp/build/Build/Intermediates.noindex/ExplicitPrecompiledModules/runetype-F1CJ9P86T3A3G3OVE2LRO5KK0.scan
    cd /Users/runner/work/TrollLifeAI/TrollLifeAI/ios-shell/TrollLifeApp
    builtin-precompileModule /Users/runner/work/TrollLifeAI/TrollLifeAI/ios-shell/TrollLifeApp/build/Build/Intermediates.noindex/ExplicitPrecompiledModules/runetype-F1CJ9P86T3A3G3OVE2LRO5KK0.scan

PrecompileModule /Users/runner/work/TrollLifeAI/TrollLifeAI/ios-shell/TrollLifeApp/build/Build/Intermediates.noindex/ExplicitPrecompiledModules/mach-8NF9FH3W9L1DE4LBG592EXZ17.scan
    cd /Users/runner/work/TrollLifeAI/TrollLifeAI/ios-shell/TrollLifeApp
    builtin-precompileModule /Users/runner/work/TrollLifeAI/TrollLifeAI/ios-shell/TrollLifeApp/build/Build/Intermediates.noindex/ExplicitPrecompiledModules/mach-8NF9FH3W9L1DE4LBG592EXZ17.scan

PrecompileModule /Users/runner/work/TrollLifeAI/TrollLifeAI/ios-shell/TrollLifeApp/build/Build/Intermediates.noindex/ExplicitPrecompiledModules/_tgmath-APJB9OY6XCRQQ847U1NH2592D.scan
    cd /Users/runner/work/TrollLifeAI/TrollLifeAI/ios-shell/TrollLifeApp
    builtin-precompileModule /Users/runner/work/TrollLifeAI/TrollLifeAI/ios-shell/TrollLifeApp/build/Build/Intermediates.noindex/ExplicitPrecompiledModules/_tgmath-APJB9OY6XCRQQ847U1NH2592D.scan

PrecompileModule /Users/runner/work/TrollLifeAI/TrollLifeAI/ios-shell/TrollLifeApp/build/Build/Intermediates.noindex/ExplicitPrecompiledModules/_ctype-EU42R8NYJZJDTRD1LSBEHI8CB.scan
    cd /Users/runner/work/TrollLifeAI/TrollLifeAI/ios-shell/TrollLifeApp
    builtin-precompileModule /Users/runner/work/TrollLifeAI/TrollLifeAI/ios-shell/TrollLifeApp/build/Build/Intermediates.noindex/ExplicitPrecompiledModules/_ctype-EU42R8NYJZJDTRD1LSBEHI8CB.scan

PrecompileModule /Users/runner/work/TrollLifeAI/TrollLifeAI/ios-shell/TrollLifeApp/build/Build/Intermediates.noindex/ExplicitPrecompiledModules/uuid-8AFK40AJUHT8QQGT6ZPJ2AKL5.scan
    cd /Users/runner/work/TrollLifeAI/TrollLifeAI/ios-shell/TrollLifeApp
    builtin-precompileModule /Users/runner/work/TrollLifeAI/TrollLifeAI/ios-shell/TrollLifeApp/build/Build/Intermediates.noindex/ExplicitPrecompiledModules/uuid-8AFK40AJUHT8QQGT6ZPJ2AKL5.scan

PrecompileModule /Users/runner/work/TrollLifeAI/TrollLifeAI/ios-shell/TrollLifeApp/build/Build/Intermediates.noindex/ExplicitPrecompiledModules/_useconds_t-1R3WPVP9F41Y1QDMSHD6JSQ9O.scan
    cd /Users/runner/work/TrollLifeAI/TrollLifeAI/ios-shell/TrollLifeApp
    builtin-precompileModule /Users/runner/work/TrollLifeAI/TrollLifeAI/ios-shell/TrollLifeApp/build/Build/Intermediates.noindex/ExplicitPrecompiledModules/_useconds_t-1R3WPVP9F41Y1QDMSHD6JSQ9O.scan

PrecompileModule /Users/runner/work/TrollLifeAI/TrollLifeAI/ios-shell/TrollLifeApp/build/Build/Intermediates.noindex/ExplicitPrecompiledModules/__wctype-73EK5BEGTDCVPH9P0Y0JRAT6U.scan
    cd /Users/runner/work/TrollLifeAI/TrollLifeAI/ios-shell/TrollLifeApp
    builtin-precompileModule /Users/runner/work/TrollLifeAI/TrollLifeAI/ios-shell/TrollLifeApp/build/Build/Intermediates.noindex/ExplicitPrecompiledModules/__wctype-73EK5BEGTDCVPH9P0Y0JRAT6U.scan

PrecompileModule /Users/runner/work/TrollLifeAI/TrollLifeAI/ios-shell/TrollLifeApp/build/Build/Intermediates.noindex/ExplicitPrecompiledModules/_sys_select-E7SSQSQOQPKPDD6PDNLTLQH91.scan
    cd /Users/runner/work/TrollLifeAI/TrollLifeAI/ios-shell/TrollLifeApp
    builtin-precompileModule /Users/runner/work/TrollLifeAI/TrollLifeAI/ios-shell/TrollLifeApp/build/Build/Intermediates.noindex/ExplicitPrecompiledModules/_sys_select-E7SSQSQOQPKPDD6PDNLTLQH91.scan

PrecompileModule /Users/runner/work/TrollLifeAI/TrollLifeAI/ios-shell/TrollLifeApp/build/Build/Intermediates.noindex/ExplicitPrecompiledModules/_Builtin_tgmath-EP13WRTZKCT3J79BDEYDRVKK.scan
    cd /Users/runner/work/TrollLifeAI/TrollLifeAI/ios-shell/TrollLifeApp
    builtin-precompileModule /Users/runner/work/TrollLifeAI/TrollLifeAI/ios-shell/TrollLifeApp/build/Build/Intermediates.noindex/ExplicitPrecompiledModules/_Builtin_tgmath-EP13WRTZKCT3J79BDEYDRVKK.scan

PrecompileModule /Users/runner/work/TrollLifeAI/TrollLifeAI/ios-shell/TrollLifeApp/build/Build/Intermediates.noindex/ExplicitPrecompiledModules/_wctype-4NZS0UZ7VR7LJJEE16U6B6S5N.scan
    cd /Users/runner/work/TrollLifeAI/TrollLifeAI/ios-shell/TrollLifeApp
    builtin-precompileModule /Users/runner/work/TrollLifeAI/TrollLifeAI/ios-shell/TrollLifeApp/build/Build/Intermediates.noindex/ExplicitPrecompiledModules/_wctype-4NZS0UZ7VR7LJJEE16U6B6S5N.scan

PrecompileModule /Users/runner/work/TrollLifeAI/TrollLifeAI/ios-shell/TrollLifeApp/build/Build/Intermediates.noindex/ExplicitPrecompiledModules/_limits-YX5TS5JMQ7OTCKFWMH7JA2E3.scan
    cd /Users/runner/work/TrollLifeAI/TrollLifeAI/ios-shell/TrollLifeApp
    builtin-precompileModule /Users/runner/work/TrollLifeAI/TrollLifeAI/ios-shell/TrollLifeApp/build/Build/Intermediates.noindex/ExplicitPrecompiledModules/_limits-YX5TS5JMQ7OTCKFWMH7JA2E3.scan

PrecompileModule /Users/runner/work/TrollLifeAI/TrollLifeAI/ios-shell/TrollLifeApp/build/Build/Intermediates.noindex/ExplicitPrecompiledModules/sys_types-4K4CIGFU27AWJGYLWGS7NLWDM.scan
    cd /Users/runner/work/TrollLifeAI/TrollLifeAI/ios-shell/TrollLifeApp
    builtin-precompileModule /Users/runner/work/TrollLifeAI/TrollLifeAI/ios-shell/TrollLifeApp/build/Build/Intermediates.noindex/ExplicitPrecompiledModules/sys_types-4K4CIGFU27AWJGYLWGS7NLWDM.scan

PrecompileModule /Users/runner/work/TrollLifeAI/TrollLifeAI/ios-shell/TrollLifeApp/build/Build/Intermediates.noindex/ExplicitPrecompiledModules/_stdint-W74OYAJ0WMTF8BR09BOL4PFL.scan
    cd /Users/runner/work/TrollLifeAI/TrollLifeAI/ios-shell/TrollLifeApp
    builtin-precompileModule /Users/runner/work/TrollLifeAI/TrollLifeAI/ios-shell/TrollLifeApp/build/Build/Intermediates.noindex/ExplicitPrecompiledModules/_stdint-W74OYAJ0WMTF8BR09BOL4PFL.scan

PrecompileModule /Users/runner/work/TrollLifeAI/TrollLifeAI/ios-shell/TrollLifeApp/build/Build/Intermediates.noindex/ExplicitPrecompiledModules/_setjmp-6RPTNL6HZOEIS7R2SH4L2PXAX.scan
    cd /Users/runner/work/TrollLifeAI/TrollLifeAI/ios-shell/TrollLifeApp
    builtin-precompileModule /Users/runner/work/TrollLifeAI/TrollLifeAI/ios-shell/TrollLifeApp/build/Build/Intermediates.noindex/ExplicitPrecompiledModules/_setjmp-6RPTNL6HZOEIS7R2SH4L2PXAX.scan

PrecompileModule /Users/runner/work/TrollLifeAI/TrollLifeAI/ios-shell/TrollLifeApp/build/Build/Intermediates.noindex/ExplicitPrecompiledModules/_Builtin_limits-1B3F5H777OT7OQ335E456LZT5.scan
    cd /Users/runner/work/TrollLifeAI/TrollLifeAI/ios-shell/TrollLifeApp
    builtin-precompileModule /Users/runner/work/TrollLifeAI/TrollLifeAI/ios-shell/TrollLifeApp/build/Build/Intermediates.noindex/ExplicitPrecompiledModules/_Builtin_limits-1B3F5H777OT7OQ335E456LZT5.scan

PrecompileModule /Users/runner/work/TrollLifeAI/TrollLifeAI/ios-shell/TrollLifeApp/build/Build/Intermediates.noindex/ExplicitPrecompiledModules/_time-DENKS1Q9JXG6S7EJDF1HZM7DR.scan
    cd /Users/runner/work/TrollLifeAI/TrollLifeAI/ios-shell/TrollLifeApp
    builtin-precompileModule /Users/runner/work/TrollLifeAI/TrollLifeAI/ios-shell/TrollLifeApp/build/Build/Intermediates.noindex/ExplicitPrecompiledModules/_time-DENKS1Q9JXG6S7EJDF1HZM7DR.scan

PrecompileModule /Users/runner/work/TrollLifeAI/TrollLifeAI/ios-shell/TrollLifeApp/build/Build/Intermediates.noindex/ExplicitPrecompiledModules/nl_types-7ELG7EG4OSV3KK9OJSCKQHL52.scan
    cd /Users/runner/work/TrollLifeAI/TrollLifeAI/ios-shell/TrollLifeApp
    builtin-precompileModule /Users/runner/work/TrollLifeAI/TrollLifeAI/ios-shell/TrollLifeApp/build/Build/Intermediates.noindex/ExplicitPrecompiledModules/nl_types-7ELG7EG4OSV3KK9OJSCKQHL52.scan

PrecompileModule /Users/runner/work/TrollLifeAI/TrollLifeAI/ios-shell/TrollLifeApp/build/Build/Intermediates.noindex/ExplicitPrecompiledModules/_stdio-DD6SADD5D5S3BXG9P8E26RR7W.scan
    cd /Users/runner/work/TrollLifeAI/TrollLifeAI/ios-shell/TrollLifeApp
    builtin-precompileModule /Users/runner/work/TrollLifeAI/TrollLifeAI/ios-shell/TrollLifeApp/build/Build/Intermediates.noindex/ExplicitPrecompiledModules/_stdio-DD6SADD5D5S3BXG9P8E26RR7W.scan

PrecompileModule /Users/runner/work/TrollLifeAI/TrollLifeAI/ios-shell/TrollLifeApp/build/Build/Intermediates.noindex/ExplicitPrecompiledModules/_Builtin_stdint-D9ZIA2XWUY4ORTXD72V3BUXVZ.scan
    cd /Users/runner/work/TrollLifeAI/TrollLifeAI/ios-shell/TrollLifeApp
    builtin-precompileModule /Users/runner/work/TrollLifeAI/TrollLifeAI/ios-shell/TrollLifeApp/build/Build/Intermediates.noindex/ExplicitPrecompiledModules/_Builtin_stdint-D9ZIA2XWUY4ORTXD72V3BUXVZ.scan

PrecompileModule /Users/runner/work/TrollLifeAI/TrollLifeAI/ios-shell/TrollLifeApp/build/Build/Intermediates.noindex/ExplicitPrecompiledModules/_strings-AZE0CR3VLV8QNSN085GW58VU8.scan
    cd /Users/runner/work/TrollLifeAI/TrollLifeAI/ios-shell/TrollLifeApp
    builtin-precompileModule /Users/runner/work/TrollLifeAI/TrollLifeAI/ios-shell/TrollLifeApp/build/Build/Intermediates.noindex/ExplicitPrecompiledModules/_strings-AZE0CR3VLV8QNSN085GW58VU8.scan

PrecompileModule /Users/runner/work/TrollLifeAI/TrollLifeAI/ios-shell/TrollLifeApp/build/Build/Intermediates.noindex/ExplicitPrecompiledModules/gethostuuid-6N35LBFLQYNLSW7JMJY147QYS.scan
    cd /Users/runner/work/TrollLifeAI/TrollLifeAI/ios-shell/TrollLifeApp
    builtin-precompileModule /Users/runner/work/TrollLifeAI/TrollLifeAI/ios-shell/TrollLifeApp/build/Build/Intermediates.noindex/ExplicitPrecompiledModules/gethostuuid-6N35LBFLQYNLSW7JMJY147QYS.scan

PrecompileModule /Users/runner/work/TrollLifeAI/TrollLifeAI/ios-shell/TrollLifeApp/build/Build/Intermediates.noindex/ExplicitPrecompiledModules/_wchar-DUO6GSFJXQ1VWPV8O91AJ7B6W.scan
    cd /Users/runner/work/TrollLifeAI/TrollLifeAI/ios-shell/TrollLifeApp
    builtin-precompileModule /Users/runner/work/TrollLifeAI/TrollLifeAI/ios-shell/TrollLifeApp/build/Build/Intermediates.noindex/ExplicitPrecompiledModules/_wchar-DUO6GSFJXQ1VWPV8O91AJ7B6W.scan

PrecompileModule /Users/runner/work/TrollLifeAI/TrollLifeAI/ios-shell/TrollLifeApp/build/Build/Intermediates.noindex/ExplicitPrecompiledModules/_assert-7G8QULQGM69KN7UU9J34GRNW2.scan
    cd /Users/runner/work/TrollLifeAI/TrollLifeAI/ios-shell/TrollLifeApp
    builtin-precompileModule /Users/runner/work/TrollLifeAI/TrollLifeAI/ios-shell/TrollLifeApp/build/Build/Intermediates.noindex/ExplicitPrecompiledModules/_assert-7G8QULQGM69KN7UU9J34GRNW2.scan

PrecompileModule /Users/runner/work/TrollLifeAI/TrollLifeAI/ios-shell/TrollLifeApp/build/Build/Intermediates.noindex/ExplicitPrecompiledModules/_Builtin_stdatomic-BIGEMHH1R1D740AIYCOX8FPG1.scan
    cd /Users/runner/work/TrollLifeAI/TrollLifeAI/ios-shell/TrollLifeApp
    builtin-precompileModule /Users/runner/work/TrollLifeAI/TrollLifeAI/ios-shell/TrollLifeApp/build/Build/Intermediates.noindex/ExplicitPrecompiledModules/_Builtin_stdatomic-BIGEMHH1R1D740AIYCOX8FPG1.scan

PrecompileModule /Users/runner/work/TrollLifeAI/TrollLifeAI/ios-shell/TrollLifeApp/build/Build/Intermediates.noindex/ExplicitPrecompiledModules/_string-DBN2JVWGU6ZSMTG8T2QPV7GSL.scan
    cd /Users/runner/work/TrollLifeAI/TrollLifeAI/ios-shell/TrollLifeApp
    builtin-precompileModule /Users/runner/work/TrollLifeAI/TrollLifeAI/ios-shell/TrollLifeApp/build/Build/Intermediates.noindex/ExplicitPrecompiledModules/_string-DBN2JVWGU6ZSMTG8T2QPV7GSL.scan

PrecompileModule /Users/runner/work/TrollLifeAI/TrollLifeAI/ios-shell/TrollLifeApp/build/Build/Intermediates.noindex/ExplicitPrecompiledModules/_inttypes-AJ7HK3NJ4T93WLEIXN56F6Y5K.scan
    cd /Users/runner/work/TrollLifeAI/TrollLifeAI/ios-shell/TrollLifeApp
    builtin-precompileModule /Users/runner/work/TrollLifeAI/TrollLifeAI/ios-shell/TrollLifeApp/build/Build/Intermediates.noindex/ExplicitPrecompiledModules/_inttypes-AJ7HK3NJ4T93WLEIXN56F6Y5K.scan

PrecompileModule /Users/runner/work/TrollLifeAI/TrollLifeAI/ios-shell/TrollLifeApp/build/Build/Intermediates.noindex/ExplicitPrecompiledModules/_signal-1KJUHPRAD76P7ZAJKUDZ40S75.scan
    cd /Users/runner/work/TrollLifeAI/TrollLifeAI/ios-shell/TrollLifeApp
    builtin-precompileModule /Users/runner/work/TrollLifeAI/TrollLifeAI/ios-shell/TrollLifeApp/build/Build/Intermediates.noindex/ExplicitPrecompiledModules/_signal-1KJUHPRAD76P7ZAJKUDZ40S75.scan

PrecompileModule /Users/runner/work/TrollLifeAI/TrollLifeAI/ios-shell/TrollLifeApp/build/Build/Intermediates.noindex/ExplicitPrecompiledModules/sys_resource-7G666O4W9Z906HER5OR45WPOR.scan
    cd /Users/runner/work/TrollLifeAI/TrollLifeAI/ios-shell/TrollLifeApp
    builtin-precompileModule /Users/runner/work/TrollLifeAI/TrollLifeAI/ios-shell/TrollLifeApp/build/Build/Intermediates.noindex/ExplicitPrecompiledModules/sys_resource-7G666O4W9Z906HER5OR45WPOR.scan

PrecompileModule /Users/runner/work/TrollLifeAI/TrollLifeAI/ios-shell/TrollLifeApp/build/Build/Intermediates.noindex/ExplicitPrecompiledModules/_locale-T9K6AI1TDBOQQ3VIWG9M9DRN.scan
    cd /Users/runner/work/TrollLifeAI/TrollLifeAI/ios-shell/TrollLifeApp
    builtin-precompileModule /Users/runner/work/TrollLifeAI/TrollLifeAI/ios-shell/TrollLifeApp/build/Build/Intermediates.noindex/ExplicitPrecompiledModules/_locale-T9K6AI1TDBOQQ3VIWG9M9DRN.scan

PrecompileModule /Users/runner/work/TrollLifeAI/TrollLifeAI/ios-shell/TrollLifeApp/build/Build/Intermediates.noindex/ExplicitPrecompiledModules/_Builtin_inttypes-6VFMZI747Z4OEQGOQ3OL9JNFU.scan
    cd /Users/runner/work/TrollLifeAI/TrollLifeAI/ios-shell/TrollLifeApp
    builtin-precompileModule /Users/runner/work/TrollLifeAI/TrollLifeAI/ios-shell/TrollLifeApp/build/Build/Intermediates.noindex/ExplicitPrecompiledModules/_Builtin_inttypes-6VFMZI747Z4OEQGOQ3OL9JNFU.scan

PrecompileModule /Users/runner/work/TrollLifeAI/TrollLifeAI/ios-shell/TrollLifeApp/build/Build/Intermediates.noindex/ExplicitPrecompiledModules/sys_select-AL3FNLZONGJ6JWUDHXASERKNT.scan
    cd /Users/runner/work/TrollLifeAI/TrollLifeAI/ios-shell/TrollLifeApp
    builtin-precompileModule /Users/runner/work/TrollLifeAI/TrollLifeAI/ios-shell/TrollLifeApp/build/Build/Intermediates.noindex/ExplicitPrecompiledModules/sys_select-AL3FNLZONGJ6JWUDHXASERKNT.scan

PrecompileModule /Users/runner/work/TrollLifeAI/TrollLifeAI/ios-shell/TrollLifeApp/build/Build/Intermediates.noindex/ExplicitPrecompiledModules/pthread-4PU5KXQKD7T5YJBIAV3RYGS1Y.scan
    cd /Users/runner/work/TrollLifeAI/TrollLifeAI/ios-shell/TrollLifeApp
    builtin-precompileModule /Users/runner/work/TrollLifeAI/TrollLifeAI/ios-shell/TrollLifeApp/build/Build/Intermediates.noindex/ExplicitPrecompiledModules/pthread-4PU5KXQKD7T5YJBIAV3RYGS1Y.scan

PrecompileModule /Users/runner/work/TrollLifeAI/TrollLifeAI/ios-shell/TrollLifeApp/build/Build/Intermediates.noindex/ExplicitPrecompiledModules/sys_wait-DQ84EEC8QR9STE2ETO9DECYI8.scan
    cd /Users/runner/work/TrollLifeAI/TrollLifeAI/ios-shell/TrollLifeApp
    builtin-precompileModule /Users/runner/work/TrollLifeAI/TrollLifeAI/ios-shell/TrollLifeApp/build/Build/Intermediates.noindex/ExplicitPrecompiledModules/sys_wait-DQ84EEC8QR9STE2ETO9DECYI8.scan

PrecompileModule /Users/runner/work/TrollLifeAI/TrollLifeAI/ios-shell/TrollLifeApp/build/Build/Intermediates.noindex/ExplicitPrecompiledModules/xlocale-UI2VFNW3MF48CY8H6QCUBRXO.scan
    cd /Users/runner/work/TrollLifeAI/TrollLifeAI/ios-shell/TrollLifeApp
    builtin-precompileModule /Users/runner/work/TrollLifeAI/TrollLifeAI/ios-shell/TrollLifeApp/build/Build/Intermediates.noindex/ExplicitPrecompiledModules/xlocale-UI2VFNW3MF48CY8H6QCUBRXO.scan

PrecompileModule /Users/runner/work/TrollLifeAI/TrollLifeAI/ios-shell/TrollLifeApp/build/Build/Intermediates.noindex/ExplicitPrecompiledModules/unistd-3O1YYR1CNK8HQ49NU87J757BS.scan
    cd /Users/runner/work/TrollLifeAI/TrollLifeAI/ios-shell/TrollLifeApp
    builtin-precompileModule /Users/runner/work/TrollLifeAI/TrollLifeAI/ios-shell/TrollLifeApp/build/Build/Intermediates.noindex/ExplicitPrecompiledModules/unistd-3O1YYR1CNK8HQ49NU87J757BS.scan

PrecompileModule /Users/runner/work/TrollLifeAI/TrollLifeAI/ios-shell/TrollLifeApp/build/Build/Intermediates.noindex/ExplicitPrecompiledModules/_stdlib-4KHKOSLWIGU4X97HO2U0LK485.scan
    cd /Users/runner/work/TrollLifeAI/TrollLifeAI/ios-shell/TrollLifeApp
    builtin-precompileModule /Users/runner/work/TrollLifeAI/TrollLifeAI/ios-shell/TrollLifeApp/build/Build/Intermediates.noindex/ExplicitPrecompiledModules/_stdlib-4KHKOSLWIGU4X97HO2U0LK485.scan

PrecompileModule /Users/runner/work/TrollLifeAI/TrollLifeAI/ios-shell/TrollLifeApp/build/Build/Intermediates.noindex/ExplicitPrecompiledModules/Darwin-417E8WANOFFCBJ9FEOTQ5DFGJ.scan
    cd /Users/runner/work/TrollLifeAI/TrollLifeAI/ios-shell/TrollLifeApp
    builtin-precompileModule /Users/runner/work/TrollLifeAI/TrollLifeAI/ios-shell/TrollLifeApp/build/Build/Intermediates.noindex/ExplicitPrecompiledModules/Darwin-417E8WANOFFCBJ9FEOTQ5DFGJ.scan

PrecompileModule /Users/runner/work/TrollLifeAI/TrollLifeAI/ios-shell/TrollLifeApp/build/Build/Intermediates.noindex/ExplicitPrecompiledModules/ObjectiveC-CD1L9BE0XZECX1SI9Y5AJBLGA.scan
    cd /Users/runner/work/TrollLifeAI/TrollLifeAI/ios-shell/TrollLifeApp
    builtin-precompileModule /Users/runner/work/TrollLifeAI/TrollLifeAI/ios-shell/TrollLifeApp/build/Build/Intermediates.noindex/ExplicitPrecompiledModules/ObjectiveC-CD1L9BE0XZECX1SI9Y5AJBLGA.scan

PrecompileModule /Users/runner/work/TrollLifeAI/TrollLifeAI/ios-shell/TrollLifeApp/build/Build/Intermediates.noindex/ExplicitPrecompiledModules/os_object-5U24HS7IPK7RK63PXB96M954D.scan
    cd /Users/runner/work/TrollLifeAI/TrollLifeAI/ios-shell/TrollLifeApp
    builtin-precompileModule /Users/runner/work/TrollLifeAI/TrollLifeAI/ios-shell/TrollLifeApp/build/Build/Intermediates.noindex/ExplicitPrecompiledModules/os_object-5U24HS7IPK7RK63PXB96M954D.scan

PrecompileModule /Users/runner/work/TrollLifeAI/TrollLifeAI/ios-shell/TrollLifeApp/build/Build/Intermediates.noindex/ExplicitPrecompiledModules/os_workgroup-37HYM40JM9M9IPDF59OK8646M.scan
    cd /Users/runner/work/TrollLifeAI/TrollLifeAI/ios-shell/TrollLifeApp
    builtin-precompileModule /Users/runner/work/TrollLifeAI/TrollLifeAI/ios-shell/TrollLifeApp/build/Build/Intermediates.noindex/ExplicitPrecompiledModules/os_workgroup-37HYM40JM9M9IPDF59OK8646M.scan

PrecompileModule /Users/runner/work/TrollLifeAI/TrollLifeAI/ios-shell/TrollLifeApp/build/Build/Intermediates.noindex/ExplicitPrecompiledModules/Dispatch-9BSDMK5J23G66SZT1ECL3P3AE.scan
    cd /Users/runner/work/TrollLifeAI/TrollLifeAI/ios-shell/TrollLifeApp
    builtin-precompileModule /Users/runner/work/TrollLifeAI/TrollLifeAI/ios-shell/TrollLifeApp/build/Build/Intermediates.noindex/ExplicitPrecompiledModules/Dispatch-9BSDMK5J23G66SZT1ECL3P3AE.scan

PrecompileModule /Users/runner/work/TrollLifeAI/TrollLifeAI/ios-shell/TrollLifeApp/build/Build/Intermediates.noindex/ExplicitPrecompiledModules/CoreFoundation-9TJ8X3DLVEVT91M081BSMDMIB.scan
    cd /Users/runner/work/TrollLifeAI/TrollLifeAI/ios-shell/TrollLifeApp
    builtin-precompileModule /Users/runner/work/TrollLifeAI/TrollLifeAI/ios-shell/TrollLifeApp/build/Build/Intermediates.noindex/ExplicitPrecompiledModules/CoreFoundation-9TJ8X3DLVEVT91M081BSMDMIB.scan

PrecompileModule /Users/runner/work/TrollLifeAI/TrollLifeAI/ios-shell/TrollLifeApp/build/Build/Intermediates.noindex/ExplicitPrecompiledModules/XPC-BQF9K0DLTQBV377UHC8J9ESIE.scan
    cd /Users/runner/work/TrollLifeAI/TrollLifeAI/ios-shell/TrollLifeApp
    builtin-precompileModule /Users/runner/work/TrollLifeAI/TrollLifeAI/ios-shell/TrollLifeApp/build/Build/Intermediates.noindex/ExplicitPrecompiledModules/XPC-BQF9K0DLTQBV377UHC8J9ESIE.scan

PrecompileModule /Users/runner/work/TrollLifeAI/TrollLifeAI/ios-shell/TrollLifeApp/build/Build/Intermediates.noindex/ExplicitPrecompiledModules/dnssd-2T82Q1AUBZPQ2QJQ1Z3WEYWOZ.scan
    cd /Users/runner/work/TrollLifeAI/TrollLifeAI/ios-shell/TrollLifeApp
    builtin-precompileModule /Users/runner/work/TrollLifeAI/TrollLifeAI/ios-shell/TrollLifeApp/build/Build/Intermediates.noindex/ExplicitPrecompiledModules/dnssd-2T82Q1AUBZPQ2QJQ1Z3WEYWOZ.scan

PrecompileModule /Users/runner/work/TrollLifeAI/TrollLifeAI/ios-shell/TrollLifeApp/build/Build/Intermediates.noindex/ExplicitPrecompiledModules/CoreGraphics-9R6XOCFNDUDYDJQKRICQ8WMPO.scan
    cd /Users/runner/work/TrollLifeAI/TrollLifeAI/ios-shell/TrollLifeApp
    builtin-precompileModule /Users/runner/work/TrollLifeAI/TrollLifeAI/ios-shell/TrollLifeApp/build/Build/Intermediates.noindex/ExplicitPrecompiledModules/CoreGraphics-9R6XOCFNDUDYDJQKRICQ8WMPO.scan

PrecompileModule /Users/runner/work/TrollLifeAI/TrollLifeAI/ios-shell/TrollLifeApp/build/Build/Intermediates.noindex/ExplicitPrecompiledModules/CFNetwork-DQ878AQVDJW8Q97D9ENI64KBX.scan
    cd /Users/runner/work/TrollLifeAI/TrollLifeAI/ios-shell/TrollLifeApp
    builtin-precompileModule /Users/runner/work/TrollLifeAI/TrollLifeAI/ios-shell/TrollLifeApp/build/Build/Intermediates.noindex/ExplicitPrecompiledModules/CFNetwork-DQ878AQVDJW8Q97D9ENI64KBX.scan

PrecompileModule /Users/runner/work/TrollLifeAI/TrollLifeAI/ios-shell/TrollLifeApp/build/Build/Intermediates.noindex/ExplicitPrecompiledModules/Security-B8KRWG8YAV1PFC1ZS49WPNPTI.scan
    cd /Users/runner/work/TrollLifeAI/TrollLifeAI/ios-shell/TrollLifeApp
    builtin-precompileModule /Users/runner/work/TrollLifeAI/TrollLifeAI/ios-shell/TrollLifeApp/build/Build/Intermediates.noindex/ExplicitPrecompiledModules/Security-B8KRWG8YAV1PFC1ZS49WPNPTI.scan

PrecompileModule /Users/runner/work/TrollLifeAI/TrollLifeAI/ios-shell/TrollLifeApp/build/Build/Intermediates.noindex/ExplicitPrecompiledModules/ImageIO-AGTFPZK1WGNPYJVTLRS42KN84.scan
    cd /Users/runner/work/TrollLifeAI/TrollLifeAI/ios-shell/TrollLifeApp
    builtin-precompileModule /Users/runner/work/TrollLifeAI/TrollLifeAI/ios-shell/TrollLifeApp/build/Build/Intermediates.noindex/ExplicitPrecompiledModules/ImageIO-AGTFPZK1WGNPYJVTLRS42KN84.scan

PrecompileModule /Users/runner/work/TrollLifeAI/TrollLifeAI/ios-shell/TrollLifeApp/build/Build/Intermediates.noindex/ExplicitPrecompiledModules/CoreText-3SF6JF4A6YQ0TCYS80PUDG5O9.scan
    cd /Users/runner/work/TrollLifeAI/TrollLifeAI/ios-shell/TrollLifeApp
    builtin-precompileModule /Users/runner/work/TrollLifeAI/TrollLifeAI/ios-shell/TrollLifeApp/build/Build/Intermediates.noindex/ExplicitPrecompiledModules/CoreText-3SF6JF4A6YQ0TCYS80PUDG5O9.scan

PrecompileModule /Users/runner/work/TrollLifeAI/TrollLifeAI/ios-shell/TrollLifeApp/build/Build/Intermediates.noindex/ExplicitPrecompiledModules/Foundation-HRMNDPILHUGWVS4C9TENIZNB.scan
    cd /Users/runner/work/TrollLifeAI/TrollLifeAI/ios-shell/TrollLifeApp
    builtin-precompileModule /Users/runner/work/TrollLifeAI/TrollLifeAI/ios-shell/TrollLifeApp/build/Build/Intermediates.noindex/ExplicitPrecompiledModules/Foundation-HRMNDPILHUGWVS4C9TENIZNB.scan

PrecompileModule /Users/runner/work/TrollLifeAI/TrollLifeAI/ios-shell/TrollLifeApp/build/Build/Intermediates.noindex/ExplicitPrecompiledModules/IOSurface-2WB2AHQI13GBWRKCP5EEF4TS1.scan
    cd /Users/runner/work/TrollLifeAI/TrollLifeAI/ios-shell/TrollLifeApp
    builtin-precompileModule /Users/runner/work/TrollLifeAI/TrollLifeAI/ios-shell/TrollLifeApp/build/Build/Intermediates.noindex/ExplicitPrecompiledModules/IOSurface-2WB2AHQI13GBWRKCP5EEF4TS1.scan

PrecompileModule /Users/runner/work/TrollLifeAI/TrollLifeAI/ios-shell/TrollLifeApp/build/Build/Intermediates.noindex/ExplicitPrecompiledModules/Symbols-3QGVYFAG903UU2TVPRETORXPJ.scan
    cd /Users/runner/work/TrollLifeAI/TrollLifeAI/ios-shell/TrollLifeApp
    builtin-precompileModule /Users/runner/work/TrollLifeAI/TrollLifeAI/ios-shell/TrollLifeApp/build/Build/Intermediates.noindex/ExplicitPrecompiledModules/Symbols-3QGVYFAG903UU2TVPRETORXPJ.scan

PrecompileModule /Users/runner/work/TrollLifeAI/TrollLifeAI/ios-shell/TrollLifeApp/build/Build/Intermediates.noindex/ExplicitPrecompiledModules/UserNotifications-D3BDM08JPX8C639S5Q8C0E1NV.scan
    cd /Users/runner/work/TrollLifeAI/TrollLifeAI/ios-shell/TrollLifeApp
    builtin-precompileModule /Users/runner/work/TrollLifeAI/TrollLifeAI/ios-shell/TrollLifeApp/build/Build/Intermediates.noindex/ExplicitPrecompiledModules/UserNotifications-D3BDM08JPX8C639S5Q8C0E1NV.scan

PrecompileModule /Users/runner/work/TrollLifeAI/TrollLifeAI/ios-shell/TrollLifeApp/build/Build/Intermediates.noindex/ExplicitPrecompiledModules/Network-5FDTUT0207UBPZM9SDVMDBD97.scan
    cd /Users/runner/work/TrollLifeAI/TrollLifeAI/ios-shell/TrollLifeApp
    builtin-precompileModule /Users/runner/work/TrollLifeAI/TrollLifeAI/ios-shell/TrollLifeApp/build/Build/Intermediates.noindex/ExplicitPrecompiledModules/Network-5FDTUT0207UBPZM9SDVMDBD97.scan

PrecompileModule /Users/runner/work/TrollLifeAI/TrollLifeAI/ios-shell/TrollLifeApp/build/Build/Intermediates.noindex/ExplicitPrecompiledModules/FileProvider-E070GXZQ15M342PLC4UX74BX6.scan
    cd /Users/runner/work/TrollLifeAI/TrollLifeAI/ios-shell/TrollLifeApp
    builtin-precompileModule /Users/runner/work/TrollLifeAI/TrollLifeAI/ios-shell/TrollLifeApp/build/Build/Intermediates.noindex/ExplicitPrecompiledModules/FileProvider-E070GXZQ15M342PLC4UX74BX6.scan

PrecompileModule /Users/runner/work/TrollLifeAI/TrollLifeAI/ios-shell/TrollLifeApp/build/Build/Intermediates.noindex/ExplicitPrecompiledModules/Metal-BCIQ35OULG9OHKB8QRTCBZ4X6.scan
    cd /Users/runner/work/TrollLifeAI/TrollLifeAI/ios-shell/TrollLifeApp
    builtin-precompileModule /Users/runner/work/TrollLifeAI/TrollLifeAI/ios-shell/TrollLifeApp/build/Build/Intermediates.noindex/ExplicitPrecompiledModules/Metal-BCIQ35OULG9OHKB8QRTCBZ4X6.scan

PrecompileModule /Users/runner/work/TrollLifeAI/TrollLifeAI/ios-shell/TrollLifeApp/build/Build/Intermediates.noindex/ExplicitPrecompiledModules/OpenGLES-AT2X954J2FDQ2JG1ULV6ZI3SX.scan
    cd /Users/runner/work/TrollLifeAI/TrollLifeAI/ios-shell/TrollLifeApp
    builtin-precompileModule /Users/runner/work/TrollLifeAI/TrollLifeAI/ios-shell/TrollLifeApp/build/Build/Intermediates.noindex/ExplicitPrecompiledModules/OpenGLES-AT2X954J2FDQ2JG1ULV6ZI3SX.scan

PrecompileModule /Users/runner/work/TrollLifeAI/TrollLifeAI/ios-shell/TrollLifeApp/build/Build/Intermediates.noindex/ExplicitPrecompiledModules/CoreVideo-9ZIQJJ0D3V0VWYIV287AOOLPL.scan
    cd /Users/runner/work/TrollLifeAI/TrollLifeAI/ios-shell/TrollLifeApp
    builtin-precompileModule /Users/runner/work/TrollLifeAI/TrollLifeAI/ios-shell/TrollLifeApp/build/Build/Intermediates.noindex/ExplicitPrecompiledModules/CoreVideo-9ZIQJJ0D3V0VWYIV287AOOLPL.scan

PrecompileModule /Users/runner/work/TrollLifeAI/TrollLifeAI/ios-shell/TrollLifeApp/build/Build/Intermediates.noindex/ExplicitPrecompiledModules/CoreImage-44HD5QPK2L2JIQI9WADRZKGRE.scan
    cd /Users/runner/work/TrollLifeAI/TrollLifeAI/ios-shell/TrollLifeApp
    builtin-precompileModule /Users/runner/work/TrollLifeAI/TrollLifeAI/ios-shell/TrollLifeApp/build/Build/Intermediates.noindex/ExplicitPrecompiledModules/CoreImage-44HD5QPK2L2JIQI9WADRZKGRE.scan

PrecompileModule /Users/runner/work/TrollLifeAI/TrollLifeAI/ios-shell/TrollLifeApp/build/Build/Intermediates.noindex/ExplicitPrecompiledModules/QuartzCore-C58LZHUD0MWA8U7DAXPW39TR4.scan
    cd /Users/runner/work/TrollLifeAI/TrollLifeAI/ios-shell/TrollLifeApp
    builtin-precompileModule /Users/runner/work/TrollLifeAI/TrollLifeAI/ios-shell/TrollLifeApp/build/Build/Intermediates.noindex/ExplicitPrecompiledModules/QuartzCore-C58LZHUD0MWA8U7DAXPW39TR4.scan

PrecompileModule /Users/runner/work/TrollLifeAI/TrollLifeAI/ios-shell/TrollLifeApp/build/Build/Intermediates.noindex/ExplicitPrecompiledModules/UIKit-7LTQD6AE8T7AM284UFE1W4GNW.scan
    cd /Users/runner/work/TrollLifeAI/TrollLifeAI/ios-shell/TrollLifeApp
    builtin-precompileModule /Users/runner/work/TrollLifeAI/TrollLifeAI/ios-shell/TrollLifeApp/build/Build/Intermediates.noindex/ExplicitPrecompiledModules/UIKit-7LTQD6AE8T7AM284UFE1W4GNW.scan

CompileC /Users/runner/work/TrollLifeAI/TrollLifeAI/ios-shell/TrollLifeApp/build/Build/Intermediates.noindex/TrollLifeApp.build/Release-iphoneos/TrollLifeApp.build/Objects-normal/arm64/main.o /Users/runner/work/TrollLifeAI/TrollLifeAI/ios-shell/TrollLifeApp/main.m normal arm64 objective-c com.apple.compilers.llvm.clang.1_0.compiler (in target 'TrollLifeApp' from project 'TrollLifeApp')
    cd /Users/runner/work/TrollLifeAI/TrollLifeAI/ios-shell/TrollLifeApp
    
    Using response file: /Users/runner/work/TrollLifeAI/TrollLifeAI/ios-shell/TrollLifeApp/build/Build/Intermediates.noindex/TrollLifeApp.build/Release-iphoneos/TrollLifeApp.build/Objects-normal/arm64/e6072d4f65d7061329687fe24e3d63a7-common-args.resp
    
    /Applications/Xcode_16.4.app/Contents/Developer/Toolchains/XcodeDefault.xctoolchain/usr/bin/clang -x objective-c -ivfsstatcache /Users/runner/work/TrollLifeAI/TrollLifeAI/ios-shell/TrollLifeApp/build/SDKStatCaches.noindex/iphoneos18.5-22F76-a529daf784b3616c7c04a36aeb7f5c05.sdkstatcache -fmessage-length\=0 -fdiagnostics-show-note-include-stack -fmacro-backtrace-limit\=0 -fno-color-diagnostics -fmodules-prune-interval\=86400 -fmodules-prune-after\=345600 -fbuild-session-file\=/Users/runner/work/TrollLifeAI/TrollLifeAI/ios-shell/TrollLifeApp/build/ModuleCache.noindex/Session.modulevalidation -fmodules-validate-once-per-build-session -Wnon-modular-include-in-framework-module -Werror\=non-modular-include-in-framework-module -Wno-trigraphs -Wno-missing-field-initializers -Wno-missing-prototypes -Werror\=return-type -Wdocumentation -Wunreachable-code -Wquoted-include-in-framework-header -Wno-implicit-atomic-properties -Werror\=deprecated-objc-isa-usage -Wno-objc-interface-ivars -Werror\=objc-root-class -Wno-arc-repeated-use-of-weak -Wimplicit-retain-self -Wduplicate-method-match -Wno-missing-braces -Wparentheses -Wswitch -Wunused-function -Wno-unused-label -Wno-unused-parameter -Wunused-variable -Wunused-value -Wempty-body -Wuninitialized -Wconditional-uninitialized -Wno-unknown-pragmas -Wno-shadow -Wno-four-char-constants -Wno-conversion -Wconstant-conversion -Wint-conversion -Wbool-conversion -Wenum-conversion -Wno-float-conversion -Wnon-literal-null-conversion -Wobjc-literal-conversion -Wshorten-64-to-32 -Wpointer-sign -Wno-newline-eof -Wno-selector -Wno-strict-selector-match -Wundeclared-selector -Wdeprecated-implementations -Wno-implicit-fallthrough -fstrict-aliasing -Wprotocol -Wdeprecated-declarations -Wno-sign-conversion -Winfinite-recursion -Wcomma -Wblock-capture-autoreleasing -Wstrict-prototypes -Wno-semicolon-before-method-body -Wunguarded-availability @/Users/runner/work/TrollLifeAI/TrollLifeAI/ios-shell/TrollLifeApp/build/Build/Intermediates.noindex/TrollLifeApp.build/Release-iphoneos/TrollLifeApp.build/Objects-normal/arm64/e6072d4f65d7061329687fe24e3d63a7-common-args.resp -MMD -MT dependencies -MF /Users/runner/work/TrollLifeAI/TrollLifeAI/ios-shell/TrollLifeApp/build/Build/Intermediates.noindex/TrollLifeApp.build/Release-iphoneos/TrollLifeApp.build/Objects-normal/arm64/main.d --serialize-diagnostics /Users/runner/work/TrollLifeAI/TrollLifeAI/ios-shell/TrollLifeApp/build/Build/Intermediates.noindex/TrollLifeApp.build/Release-iphoneos/TrollLifeApp.build/Objects-normal/arm64/main.dia -c /Users/runner/work/TrollLifeAI/TrollLifeAI/ios-shell/TrollLifeApp/main.m -o /Users/runner/work/TrollLifeAI/TrollLifeAI/ios-shell/TrollLifeApp/build/Build/Intermediates.noindex/TrollLifeApp.build/Release-iphoneos/TrollLifeApp.build/Objects-normal/arm64/main.o

CompileC /Users/runner/work/TrollLifeAI/TrollLifeAI/ios-shell/TrollLifeApp/build/Build/Intermediates.noindex/TrollLifeApp.build/Release-iphoneos/TrollLifeApp.build/Objects-normal/arm64/TLDiagnostics.o /Users/runner/work/TrollLifeAI/TrollLifeAI/ios-shell/TrollLifeApp/TLDiagnostics.m normal arm64 objective-c com.apple.compilers.llvm.clang.1_0.compiler (in target 'TrollLifeApp' from project 'TrollLifeApp')
    cd /Users/runner/work/TrollLifeAI/TrollLifeAI/ios-shell/TrollLifeApp
    
    Using response file: /Users/runner/work/TrollLifeAI/TrollLifeAI/ios-shell/TrollLifeApp/build/Build/Intermediates.noindex/TrollLifeApp.build/Release-iphoneos/TrollLifeApp.build/Objects-normal/arm64/e6072d4f65d7061329687fe24e3d63a7-common-args.resp
    
    /Applications/Xcode_16.4.app/Contents/Developer/Toolchains/XcodeDefault.xctoolchain/usr/bin/clang -x objective-c -ivfsstatcache /Users/runner/work/TrollLifeAI/TrollLifeAI/ios-shell/TrollLifeApp/build/SDKStatCaches.noindex/iphoneos18.5-22F76-a529daf784b3616c7c04a36aeb7f5c05.sdkstatcache -fmessage-length\=0 -fdiagnostics-show-note-include-stack -fmacro-backtrace-limit\=0 -fno-color-diagnostics -fmodules-prune-interval\=86400 -fmodules-prune-after\=345600 -fbuild-session-file\=/Users/runner/work/TrollLifeAI/TrollLifeAI/ios-shell/TrollLifeApp/build/ModuleCache.noindex/Session.modulevalidation -fmodules-validate-once-per-build-session -Wnon-modular-include-in-framework-module -Werror\=non-modular-include-in-framework-module -Wno-trigraphs -Wno-missing-field-initializers -Wno-missing-prototypes -Werror\=return-type -Wdocumentation -Wunreachable-code -Wquoted-include-in-framework-header -Wno-implicit-atomic-properties -Werror\=deprecated-objc-isa-usage -Wno-objc-interface-ivars -Werror\=objc-root-class -Wno-arc-repeated-use-of-weak -Wimplicit-retain-self -Wduplicate-method-match -Wno-missing-braces -Wparentheses -Wswitch -Wunused-function -Wno-unused-label -Wno-unused-parameter -Wunused-variable -Wunused-value -Wempty-body -Wuninitialized -Wconditional-uninitialized -Wno-unknown-pragmas -Wno-shadow -Wno-four-char-constants -Wno-conversion -Wconstant-conversion -Wint-conversion -Wbool-conversion -Wenum-conversion -Wno-float-conversion -Wnon-literal-null-conversion -Wobjc-literal-conversion -Wshorten-64-to-32 -Wpointer-sign -Wno-newline-eof -Wno-selector -Wno-strict-selector-match -Wundeclared-selector -Wdeprecated-implementations -Wno-implicit-fallthrough -fstrict-aliasing -Wprotocol -Wdeprecated-declarations -Wno-sign-conversion -Winfinite-recursion -Wcomma -Wblock-capture-autoreleasing -Wstrict-prototypes -Wno-semicolon-before-method-body -Wunguarded-availability @/Users/runner/work/TrollLifeAI/TrollLifeAI/ios-shell/TrollLifeApp/build/Build/Intermediates.noindex/TrollLifeApp.build/Release-iphoneos/TrollLifeApp.build/Objects-normal/arm64/e6072d4f65d7061329687fe24e3d63a7-common-args.resp -MMD -MT dependencies -MF /Users/runner/work/TrollLifeAI/TrollLifeAI/ios-shell/TrollLifeApp/build/Build/Intermediates.noindex/TrollLifeApp.build/Release-iphoneos/TrollLifeApp.build/Objects-normal/arm64/TLDiagnostics.d --serialize-diagnostics /Users/runner/work/TrollLifeAI/TrollLifeAI/ios-shell/TrollLifeApp/build/Build/Intermediates.noindex/TrollLifeApp.build/Release-iphoneos/TrollLifeApp.build/Objects-normal/arm64/TLDiagnostics.dia -c /Users/runner/work/TrollLifeAI/TrollLifeAI/ios-shell/TrollLifeApp/TLDiagnostics.m -o /Users/runner/work/TrollLifeAI/TrollLifeAI/ios-shell/TrollLifeApp/build/Build/Intermediates.noindex/TrollLifeApp.build/Release-iphoneos/TrollLifeApp.build/Objects-normal/arm64/TLDiagnostics.o

PrecompileModule /Users/runner/work/TrollLifeAI/TrollLifeAI/ios-shell/TrollLifeApp/build/Build/Intermediates.noindex/ExplicitPrecompiledModules/WebKit-4YTGQQB44XXCIC9XDONKBPSYF.scan
    cd /Users/runner/work/TrollLifeAI/TrollLifeAI/ios-shell/TrollLifeApp
    builtin-precompileModule /Users/runner/work/TrollLifeAI/TrollLifeAI/ios-shell/TrollLifeApp/build/Build/Intermediates.noindex/ExplicitPrecompiledModules/WebKit-4YTGQQB44XXCIC9XDONKBPSYF.scan

CompileC /Users/runner/work/TrollLifeAI/TrollLifeAI/ios-shell/TrollLifeApp/build/Build/Intermediates.noindex/TrollLifeApp.build/Release-iphoneos/TrollLifeApp.build/Objects-normal/arm64/ViewController.o /Users/runner/work/TrollLifeAI/TrollLifeAI/ios-shell/TrollLifeApp/ViewController.m normal arm64 objective-c com.apple.compilers.llvm.clang.1_0.compiler (in target 'TrollLifeApp' from project 'TrollLifeApp')
    cd /Users/runner/work/TrollLifeAI/TrollLifeAI/ios-shell/TrollLifeApp
    
    Using response file: /Users/runner/work/TrollLifeAI/TrollLifeAI/ios-shell/TrollLifeApp/build/Build/Intermediates.noindex/TrollLifeApp.build/Release-iphoneos/TrollLifeApp.build/Objects-normal/arm64/e6072d4f65d7061329687fe24e3d63a7-common-args.resp
    
    /Applications/Xcode_16.4.app/Contents/Developer/Toolchains/XcodeDefault.xctoolchain/usr/bin/clang -x objective-c -ivfsstatcache /Users/runner/work/TrollLifeAI/TrollLifeAI/ios-shell/TrollLifeApp/build/SDKStatCaches.noindex/iphoneos18.5-22F76-a529daf784b3616c7c04a36aeb7f5c05.sdkstatcache -fmessage-length\=0 -fdiagnostics-show-note-include-stack -fmacro-backtrace-limit\=0 -fno-color-diagnostics -fmodules-prune-interval\=86400 -fmodules-prune-after\=345600 -fbuild-session-file\=/Users/runner/work/TrollLifeAI/TrollLifeAI/ios-shell/TrollLifeApp/build/ModuleCache.noindex/Session.modulevalidation -fmodules-validate-once-per-build-session -Wnon-modular-include-in-framework-module -Werror\=non-modular-include-in-framework-module -Wno-trigraphs -Wno-missing-field-initializers -Wno-missing-prototypes -Werror\=return-type -Wdocumentation -Wunreachable-code -Wquoted-include-in-framework-header -Wno-implicit-atomic-properties -Werror\=deprecated-objc-isa-usage -Wno-objc-interface-ivars -Werror\=objc-root-class -Wno-arc-repeated-use-of-weak -Wimplicit-retain-self -Wduplicate-method-match -Wno-missing-braces -Wparentheses -Wswitch -Wunused-function -Wno-unused-label -Wno-unused-parameter -Wunused-variable -Wunused-value -Wempty-body -Wuninitialized -Wconditional-uninitialized -Wno-unknown-pragmas -Wno-shadow -Wno-four-char-constants -Wno-conversion -Wconstant-conversion -Wint-conversion -Wbool-conversion -Wenum-conversion -Wno-float-conversion -Wnon-literal-null-conversion -Wobjc-literal-conversion -Wshorten-64-to-32 -Wpointer-sign -Wno-newline-eof -Wno-selector -Wno-strict-selector-match -Wundeclared-selector -Wdeprecated-implementations -Wno-implicit-fallthrough -fstrict-aliasing -Wprotocol -Wdeprecated-declarations -Wno-sign-conversion -Winfinite-recursion -Wcomma -Wblock-capture-autoreleasing -Wstrict-prototypes -Wno-semicolon-before-method-body -Wunguarded-availability @/Users/runner/work/TrollLifeAI/TrollLifeAI/ios-shell/TrollLifeApp/build/Build/Intermediates.noindex/TrollLifeApp.build/Release-iphoneos/TrollLifeApp.build/Objects-normal/arm64/e6072d4f65d7061329687fe24e3d63a7-common-args.resp -MMD -MT dependencies -MF /Users/runner/work/TrollLifeAI/TrollLifeAI/ios-shell/TrollLifeApp/build/Build/Intermediates.noindex/TrollLifeApp.build/Release-iphoneos/TrollLifeApp.build/Objects-normal/arm64/ViewController.d --serialize-diagnostics /Users/runner/work/TrollLifeAI/TrollLifeAI/ios-shell/TrollLifeApp/build/Build/Intermediates.noindex/TrollLifeApp.build/Release-iphoneos/TrollLifeApp.build/Objects-normal/arm64/ViewController.dia -c /Users/runner/work/TrollLifeAI/TrollLifeAI/ios-shell/TrollLifeApp/ViewController.m -o /Users/runner/work/TrollLifeAI/TrollLifeAI/ios-shell/TrollLifeApp/build/Build/Intermediates.noindex/TrollLifeApp.build/Release-iphoneos/TrollLifeApp.build/Objects-normal/arm64/ViewController.o

CompileC /Users/runner/work/TrollLifeAI/TrollLifeAI/ios-shell/TrollLifeApp/build/Build/Intermediates.noindex/TrollLifeApp.build/Release-iphoneos/TrollLifeApp.build/Objects-normal/arm64/AppDelegate.o /Users/runner/work/TrollLifeAI/TrollLifeAI/ios-shell/TrollLifeApp/AppDelegate.m normal arm64 objective-c com.apple.compilers.llvm.clang.1_0.compiler (in target 'TrollLifeApp' from project 'TrollLifeApp')
    cd /Users/runner/work/TrollLifeAI/TrollLifeAI/ios-shell/TrollLifeApp
    
    Using response file: /Users/runner/work/TrollLifeAI/TrollLifeAI/ios-shell/TrollLifeApp/build/Build/Intermediates.noindex/TrollLifeApp.build/Release-iphoneos/TrollLifeApp.build/Objects-normal/arm64/e6072d4f65d7061329687fe24e3d63a7-common-args.resp
    
    /Applications/Xcode_16.4.app/Contents/Developer/Toolchains/XcodeDefault.xctoolchain/usr/bin/clang -x objective-c -ivfsstatcache /Users/runner/work/TrollLifeAI/TrollLifeAI/ios-shell/TrollLifeApp/build/SDKStatCaches.noindex/iphoneos18.5-22F76-a529daf784b3616c7c04a36aeb7f5c05.sdkstatcache -fmessage-length\=0 -fdiagnostics-show-note-include-stack -fmacro-backtrace-limit\=0 -fno-color-diagnostics -fmodules-prune-interval\=86400 -fmodules-prune-after\=345600 -fbuild-session-file\=/Users/runner/work/TrollLifeAI/TrollLifeAI/ios-shell/TrollLifeApp/build/ModuleCache.noindex/Session.modulevalidation -fmodules-validate-once-per-build-session -Wnon-modular-include-in-framework-module -Werror\=non-modular-include-in-framework-module -Wno-trigraphs -Wno-missing-field-initializers -Wno-missing-prototypes -Werror\=return-type -Wdocumentation -Wunreachable-code -Wquoted-include-in-framework-header -Wno-implicit-atomic-properties -Werror\=deprecated-objc-isa-usage -Wno-objc-interface-ivars -Werror\=objc-root-class -Wno-arc-repeated-use-of-weak -Wimplicit-retain-self -Wduplicate-method-match -Wno-missing-braces -Wparentheses -Wswitch -Wunused-function -Wno-unused-label -Wno-unused-parameter -Wunused-variable -Wunused-value -Wempty-body -Wuninitialized -Wconditional-uninitialized -Wno-unknown-pragmas -Wno-shadow -Wno-four-char-constants -Wno-conversion -Wconstant-conversion -Wint-conversion -Wbool-conversion -Wenum-conversion -Wno-float-conversion -Wnon-literal-null-conversion -Wobjc-literal-conversion -Wshorten-64-to-32 -Wpointer-sign -Wno-newline-eof -Wno-selector -Wno-strict-selector-match -Wundeclared-selector -Wdeprecated-implementations -Wno-implicit-fallthrough -fstrict-aliasing -Wprotocol -Wdeprecated-declarations -Wno-sign-conversion -Winfinite-recursion -Wcomma -Wblock-capture-autoreleasing -Wstrict-prototypes -Wno-semicolon-before-method-body -Wunguarded-availability @/Users/runner/work/TrollLifeAI/TrollLifeAI/ios-shell/TrollLifeApp/build/Build/Intermediates.noindex/TrollLifeApp.build/Release-iphoneos/TrollLifeApp.build/Objects-normal/arm64/e6072d4f65d7061329687fe24e3d63a7-common-args.resp -MMD -MT dependencies -MF /Users/runner/work/TrollLifeAI/TrollLifeAI/ios-shell/TrollLifeApp/build/Build/Intermediates.noindex/TrollLifeApp.build/Release-iphoneos/TrollLifeApp.build/Objects-normal/arm64/AppDelegate.d --serialize-diagnostics /Users/runner/work/TrollLifeAI/TrollLifeAI/ios-shell/TrollLifeApp/build/Build/Intermediates.noindex/TrollLifeApp.build/Release-iphoneos/TrollLifeApp.build/Objects-normal/arm64/AppDelegate.dia -c /Users/runner/work/TrollLifeAI/TrollLifeAI/ios-shell/TrollLifeApp/AppDelegate.m -o /Users/runner/work/TrollLifeAI/TrollLifeAI/ios-shell/TrollLifeApp/build/Build/Intermediates.noindex/TrollLifeApp.build/Release-iphoneos/TrollLifeApp.build/Objects-normal/arm64/AppDelegate.o

Ld /Users/runner/work/TrollLifeAI/TrollLifeAI/ios-shell/TrollLifeApp/build/Build/Products/Release-iphoneos/TrollLifeApp.app/TrollLifeApp normal (in target 'TrollLifeApp' from project 'TrollLifeApp')
    cd /Users/runner/work/TrollLifeAI/TrollLifeAI/ios-shell/TrollLifeApp
    /Applications/Xcode_16.4.app/Contents/Developer/Toolchains/XcodeDefault.xctoolchain/usr/bin/clang -Xlinker -reproducible -target arm64-apple-ios12.0 -isysroot /Applications/Xcode_16.4.app/Contents/Developer/Platforms/iPhoneOS.platform/Developer/SDKs/iPhoneOS18.5.sdk -Os -L/Users/runner/work/TrollLifeAI/TrollLifeAI/ios-shell/TrollLifeApp/build/Build/Intermediates.noindex/EagerLinkingTBDs/Release-iphoneos -L/Users/runner/work/TrollLifeAI/TrollLifeAI/ios-shell/TrollLifeApp/build/Build/Products/Release-iphoneos -F/Users/runner/work/TrollLifeAI/TrollLifeAI/ios-shell/TrollLifeApp/build/Build/Intermediates.noindex/EagerLinkingTBDs/Release-iphoneos -F/Users/runner/work/TrollLifeAI/TrollLifeAI/ios-shell/TrollLifeApp/build/Build/Products/Release-iphoneos -filelist /Users/runner/work/TrollLifeAI/TrollLifeAI/ios-shell/TrollLifeApp/build/Build/Intermediates.noindex/TrollLifeApp.build/Release-iphoneos/TrollLifeApp.build/Objects-normal/arm64/TrollLifeApp.LinkFileList -Xlinker -rpath -Xlinker @executable_path/Frameworks -dead_strip -Xlinker -object_path_lto -Xlinker /Users/runner/work/TrollLifeAI/TrollLifeAI/ios-shell/TrollLifeApp/build/Build/Intermediates.noindex/TrollLifeApp.build/Release-iphoneos/TrollLifeApp.build/Objects-normal/arm64/TrollLifeApp_lto.o -Xlinker -dependency_info -Xlinker /Users/runner/work/TrollLifeAI/TrollLifeAI/ios-shell/TrollLifeApp/build/Build/Intermediates.noindex/TrollLifeApp.build/Release-iphoneos/TrollLifeApp.build/Objects-normal/arm64/TrollLifeApp_dependency_info.dat -fobjc-arc -fobjc-link-runtime -framework UIKit -framework WebKit -framework Foundation -o /Users/runner/work/TrollLifeAI/TrollLifeAI/ios-shell/TrollLifeApp/build/Build/Products/Release-iphoneos/TrollLifeApp.app/TrollLifeApp

GenerateDSYMFile /Users/runner/work/TrollLifeAI/TrollLifeAI/ios-shell/TrollLifeApp/build/Build/Products/Release-iphoneos/TrollLifeApp.app.dSYM /Users/runner/work/TrollLifeAI/TrollLifeAI/ios-shell/TrollLifeApp/build/Build/Products/Release-iphoneos/TrollLifeApp.app/TrollLifeApp (in target 'TrollLifeApp' from project 'TrollLifeApp')
    cd /Users/runner/work/TrollLifeAI/TrollLifeAI/ios-shell/TrollLifeApp
    /Applications/Xcode_16.4.app/Contents/Developer/Toolchains/XcodeDefault.xctoolchain/usr/bin/dsymutil /Users/runner/work/TrollLifeAI/TrollLifeAI/ios-shell/TrollLifeApp/build/Build/Products/Release-iphoneos/TrollLifeApp.app/TrollLifeApp -o /Users/runner/work/TrollLifeAI/TrollLifeAI/ios-shell/TrollLifeApp/build/Build/Products/Release-iphoneos/TrollLifeApp.app.dSYM

RegisterExecutionPolicyException /Users/runner/work/TrollLifeAI/TrollLifeAI/ios-shell/TrollLifeApp/build/Build/Products/Release-iphoneos/TrollLifeApp.app (in target 'TrollLifeApp' from project 'TrollLifeApp')
    cd /Users/runner/work/TrollLifeAI/TrollLifeAI/ios-shell/TrollLifeApp
    builtin-RegisterExecutionPolicyException /Users/runner/work/TrollLifeAI/TrollLifeAI/ios-shell/TrollLifeApp/build/Build/Products/Release-iphoneos/TrollLifeApp.app

Validate /Users/runner/work/TrollLifeAI/TrollLifeAI/ios-shell/TrollLifeApp/build/Build/Products/Release-iphoneos/TrollLifeApp.app (in target 'TrollLifeApp' from project 'TrollLifeApp')
    cd /Users/runner/work/TrollLifeAI/TrollLifeAI/ios-shell/TrollLifeApp
    builtin-validationUtility /Users/runner/work/TrollLifeAI/TrollLifeAI/ios-shell/TrollLifeApp/build/Build/Products/Release-iphoneos/TrollLifeApp.app -infoplist-subpath Info.plist

Touch /Users/runner/work/TrollLifeAI/TrollLifeAI/ios-shell/TrollLifeApp/build/Build/Products/Release-iphoneos/TrollLifeApp.app (in target 'TrollLifeApp' from project 'TrollLifeApp')
    cd /Users/runner/work/TrollLifeAI/TrollLifeAI/ios-shell/TrollLifeApp
    /usr/bin/touch -c /Users/runner/work/TrollLifeAI/TrollLifeAI/ios-shell/TrollLifeApp/build/Build/Products/Release-iphoneos/TrollLifeApp.app

note: Disabling previews because SWIFT_VERSION is set and SWIFT_OPTIMIZATION_LEVEL=-O, expected -Onone (in target 'TrollLifeApp' from project 'TrollLifeApp')
** BUILD SUCCEEDED **

